C:/Users/nagah/.st_workbench/projects/First_EC45 Flat_3Ph_BLDC motor/MCSDK_v6.3.0-Full/MotorControl/MCSDK/MCLib/Any/Src/ntc_temperature_sensor.c:72:17:NTC_SetFaultState	0	static
C:/Users/nagah/.st_workbench/projects/First_EC45 Flat_3Ph_BLDC motor/MCSDK_v6.3.0-Full/MotorControl/MCSDK/MCLib/Any/Src/ntc_temperature_sensor.c:127:13:NTC_Init	0	static
C:/Users/nagah/.st_workbench/projects/First_EC45 Flat_3Ph_BLDC motor/MCSDK_v6.3.0-Full/MotorControl/MCSDK/MCLib/Any/Src/ntc_temperature_sensor.c:186:17:NTC_CalcAvTemp	8	static
C:/Users/nagah/.st_workbench/projects/First_EC45 Flat_3Ph_BLDC motor/MCSDK_v6.3.0-Full/MotorControl/MCSDK/MCLib/Any/Src/ntc_temperature_sensor.c:237:17:NTC_GetAvTemp_d	0	static
C:/Users/nagah/.st_workbench/projects/First_EC45 Flat_3Ph_BLDC motor/MCSDK_v6.3.0-Full/MotorControl/MCSDK/MCLib/Any/Src/ntc_temperature_sensor.c:253:16:NTC_GetAvTemp_C	0	static
C:/Users/nagah/.st_workbench/projects/First_EC45 Flat_3Ph_BLDC motor/MCSDK_v6.3.0-Full/MotorControl/MCSDK/MCLib/Any/Src/ntc_temperature_sensor.c:299:17:NTC_CheckTemp	0	static
