C:/Users/nagah/.st_workbench/projects/First_EC45 Flat_3Ph_BLDC motor/MCSDK_v6.3.0-Full/MotorControl/MCSDK/MCLib/Any/Src/r_divider_bus_voltage_sensor.c:72:13:RVBS_Clear	8	static
C:/Users/nagah/.st_workbench/projects/First_EC45 Flat_3Ph_BLDC motor/MCSDK_v6.3.0-Full/MotorControl/MCSDK/MCLib/Any/Src/r_divider_bus_voltage_sensor.c:49:13:RVBS_Init	8	static
C:/Users/nagah/.st_workbench/projects/First_EC45 Flat_3Ph_BLDC motor/MCSDK_v6.3.0-Full/MotorControl/MCSDK/MCLib/Any/Src/r_divider_bus_voltage_sensor.c:163:17:RVBS_CheckFaultState	4	static
C:/Users/nagah/.st_workbench/projects/First_EC45 Flat_3Ph_BLDC motor/MCSDK_v6.3.0-Full/MotorControl/MCSDK/MCLib/Any/Src/r_divider_bus_voltage_sensor.c:104:17:RVBS_CalcAvVbus	16	static
