C:/Users/nagah/.st_workbench/projects/First_EC45 Flat_3Ph_BLDC motor/Src/main.c:576:13:startMediumFrequencyTask	8	static
C:/Users/nagah/.st_workbench/projects/First_EC45 Flat_3Ph_BLDC motor/Src/main.c:179:6:SystemClock_Config	88	static,ignoring_inline_asm
C:/Users/nagah/.st_workbench/projects/First_EC45 Flat_3Ph_BLDC motor/Src/main.c:85:5:main	152	static,ignoring_inline_asm
C:/Users/nagah/.st_workbench/projects/First_EC45 Flat_3Ph_BLDC motor/Src/main.c:601:6:HAL_TIM_PeriodElapsedCallback	0	static
C:/Users/nagah/.st_workbench/projects/First_EC45 Flat_3Ph_BLDC motor/Src/main.c:618:6:Error_Handler	0	static,ignoring_inline_asm
