C:/Users/nagah/.st_workbench/projects/First_EC45 Flat_3Ph_BLDC motor/Src/main.c:576:13:startMediumFrequencyTask	1
C:/Users/nagah/.st_workbench/projects/First_EC45 Flat_3Ph_BLDC motor/Src/main.c:179:6:SystemClock_Config	3
C:/Users/nagah/.st_workbench/projects/First_EC45 Flat_3Ph_BLDC motor/Src/main.c:85:5:main	21
C:/Users/nagah/.st_workbench/projects/First_EC45 Flat_3Ph_BLDC motor/Src/main.c:601:6:HAL_TIM_PeriodElapsedCallback	2
C:/Users/nagah/.st_workbench/projects/First_EC45 Flat_3Ph_BLDC motor/Src/main.c:618:6:Error_Handler	1
