C:/Users/nagah/.st_workbench/projects/First_EC45 Flat_3Ph_BLDC motor/Src/mc_tasks.c:90:13:MCboot	16	static
C:/Users/nagah/.st_workbench/projects/First_EC45 Flat_3Ph_BLDC motor/Src/mc_tasks.c:164:13:MC_RunMotorControlTasks	16	static
C:/Users/nagah/.st_workbench/projects/First_EC45 Flat_3Ph_BLDC motor/Src/mc_tasks.c:247:13:TSK_SetChargeBootCapDelayM1	0	static
C:/Users/nagah/.st_workbench/projects/First_EC45 Flat_3Ph_BLDC motor/Src/mc_tasks.c:258:13:TSK_ChargeBootCapDelayHasElapsedM1	0	static
C:/Users/nagah/.st_workbench/projects/First_EC45 Flat_3Ph_BLDC motor/Src/mc_tasks.c:274:13:TSK_SetStopPermanencyTimeM1	0	static
C:/Users/nagah/.st_workbench/projects/First_EC45 Flat_3Ph_BLDC motor/Src/mc_tasks.c:285:13:TSK_StopPermanencyTimeHasElapsedM1	0	static
C:/Users/nagah/.st_workbench/projects/First_EC45 Flat_3Ph_BLDC motor/Src/mc_tasks.c:311:16:TSK_HighFrequencyTask	8	static
C:/Users/nagah/.st_workbench/projects/First_EC45 Flat_3Ph_BLDC motor/Src/mc_tasks.c:368:13:TSK_SafetyTask_PWMOFF	24	static
C:/Users/nagah/.st_workbench/projects/First_EC45 Flat_3Ph_BLDC motor/Src/mc_tasks.c:343:13:TSK_SafetyTask	8	static
C:/Users/nagah/.st_workbench/projects/First_EC45 Flat_3Ph_BLDC motor/Src/mc_tasks.c:433:13:TSK_HardwareFaultTask	8	static
C:/Users/nagah/.st_workbench/projects/First_EC45 Flat_3Ph_BLDC motor/Src/mc_tasks.c:447:6:startMediumFrequencyTask	8	static
C:/Users/nagah/.st_workbench/projects/First_EC45 Flat_3Ph_BLDC motor/Src/mc_tasks.c:461:6:StartSafetyTask	8	static
C:/Users/nagah/.st_workbench/projects/First_EC45 Flat_3Ph_BLDC motor/Src/mc_tasks.c:477:13:mc_lock_pins	64	static
