C:/Users/nagah/.st_workbench/projects/First_EC45 Flat_3Ph_BLDC motor/Src/register_interface.c:32:9:RI_SetRegisterGlobal	4	static
C:/Users/nagah/.st_workbench/projects/First_EC45 Flat_3Ph_BLDC motor/Src/register_interface.c:166:9:RI_SetRegisterMotor1	24	static
C:/Users/nagah/.st_workbench/projects/First_EC45 Flat_3Ph_BLDC motor/Src/register_interface.c:613:9:RI_GetRegisterGlobal	8	static
C:/Users/nagah/.st_workbench/projects/First_EC45 Flat_3Ph_BLDC motor/Src/register_interface.c:758:11:RI_GetRegisterMotor1	96	static
C:/Users/nagah/.st_workbench/projects/First_EC45 Flat_3Ph_BLDC motor/Src/register_interface.c:1326:9:RI_MovString	4	static
C:/Users/nagah/.st_workbench/projects/First_EC45 Flat_3Ph_BLDC motor/Src/register_interface.c:1352:9:RI_GetIDSize	0	static
C:/Users/nagah/.st_workbench/projects/First_EC45 Flat_3Ph_BLDC motor/Src/register_interface.c:1387:16:RI_GetPtrReg	0	static
