Archive member included to satisfy reference by file (symbol)

C:/ST/STM32CubeIDE_1.16.0/STM32CubeIDE/plugins/com.st.stm32cube.ide.mcu.externaltools.gnu-tools-for-stm32.12.3.rel1.win32_1.0.200.202406191623/tools/bin/../lib/gcc/arm-none-eabi/12.3.1/../../../../arm-none-eabi/lib/thumb/v7e-m+fp/hard\libc_nano.a(libc_a-exit.o)
                              C:/ST/STM32CubeIDE_1.16.0/STM32CubeIDE/plugins/com.st.stm32cube.ide.mcu.externaltools.gnu-tools-for-stm32.12.3.rel1.win32_1.0.200.202406191623/tools/bin/../lib/gcc/arm-none-eabi/12.3.1/../../../../arm-none-eabi/lib/thumb/v7e-m+fp/hard/crt0.o (exit)
C:/ST/STM32CubeIDE_1.16.0/STM32CubeIDE/plugins/com.st.stm32cube.ide.mcu.externaltools.gnu-tools-for-stm32.12.3.rel1.win32_1.0.200.202406191623/tools/bin/../lib/gcc/arm-none-eabi/12.3.1/../../../../arm-none-eabi/lib/thumb/v7e-m+fp/hard\libc_nano.a(libc_a-findfp.o)
                              C:/ST/STM32CubeIDE_1.16.0/STM32CubeIDE/plugins/com.st.stm32cube.ide.mcu.externaltools.gnu-tools-for-stm32.12.3.rel1.win32_1.0.200.202406191623/tools/bin/../lib/gcc/arm-none-eabi/12.3.1/../../../../arm-none-eabi/lib/thumb/v7e-m+fp/hard\libc_nano.a(libc_a-exit.o) (__stdio_exit_handler)
C:/ST/STM32CubeIDE_1.16.0/STM32CubeIDE/plugins/com.st.stm32cube.ide.mcu.externaltools.gnu-tools-for-stm32.12.3.rel1.win32_1.0.200.202406191623/tools/bin/../lib/gcc/arm-none-eabi/12.3.1/../../../../arm-none-eabi/lib/thumb/v7e-m+fp/hard\libc_nano.a(libc_a-fwalk.o)
                              C:/ST/STM32CubeIDE_1.16.0/STM32CubeIDE/plugins/com.st.stm32cube.ide.mcu.externaltools.gnu-tools-for-stm32.12.3.rel1.win32_1.0.200.202406191623/tools/bin/../lib/gcc/arm-none-eabi/12.3.1/../../../../arm-none-eabi/lib/thumb/v7e-m+fp/hard\libc_nano.a(libc_a-findfp.o) (_fwalk_sglue)
C:/ST/STM32CubeIDE_1.16.0/STM32CubeIDE/plugins/com.st.stm32cube.ide.mcu.externaltools.gnu-tools-for-stm32.12.3.rel1.win32_1.0.200.202406191623/tools/bin/../lib/gcc/arm-none-eabi/12.3.1/../../../../arm-none-eabi/lib/thumb/v7e-m+fp/hard\libc_nano.a(libc_a-stdio.o)
                              C:/ST/STM32CubeIDE_1.16.0/STM32CubeIDE/plugins/com.st.stm32cube.ide.mcu.externaltools.gnu-tools-for-stm32.12.3.rel1.win32_1.0.200.202406191623/tools/bin/../lib/gcc/arm-none-eabi/12.3.1/../../../../arm-none-eabi/lib/thumb/v7e-m+fp/hard\libc_nano.a(libc_a-findfp.o) (__sread)
C:/ST/STM32CubeIDE_1.16.0/STM32CubeIDE/plugins/com.st.stm32cube.ide.mcu.externaltools.gnu-tools-for-stm32.12.3.rel1.win32_1.0.200.202406191623/tools/bin/../lib/gcc/arm-none-eabi/12.3.1/../../../../arm-none-eabi/lib/thumb/v7e-m+fp/hard\libc_nano.a(libc_a-memset.o)
                              C:/ST/STM32CubeIDE_1.16.0/STM32CubeIDE/plugins/com.st.stm32cube.ide.mcu.externaltools.gnu-tools-for-stm32.12.3.rel1.win32_1.0.200.202406191623/tools/bin/../lib/gcc/arm-none-eabi/12.3.1/../../../../arm-none-eabi/lib/thumb/v7e-m+fp/hard/crt0.o (memset)
C:/ST/STM32CubeIDE_1.16.0/STM32CubeIDE/plugins/com.st.stm32cube.ide.mcu.externaltools.gnu-tools-for-stm32.12.3.rel1.win32_1.0.200.202406191623/tools/bin/../lib/gcc/arm-none-eabi/12.3.1/../../../../arm-none-eabi/lib/thumb/v7e-m+fp/hard\libc_nano.a(libc_a-closer.o)
                              C:/ST/STM32CubeIDE_1.16.0/STM32CubeIDE/plugins/com.st.stm32cube.ide.mcu.externaltools.gnu-tools-for-stm32.12.3.rel1.win32_1.0.200.202406191623/tools/bin/../lib/gcc/arm-none-eabi/12.3.1/../../../../arm-none-eabi/lib/thumb/v7e-m+fp/hard\libc_nano.a(libc_a-stdio.o) (_close_r)
C:/ST/STM32CubeIDE_1.16.0/STM32CubeIDE/plugins/com.st.stm32cube.ide.mcu.externaltools.gnu-tools-for-stm32.12.3.rel1.win32_1.0.200.202406191623/tools/bin/../lib/gcc/arm-none-eabi/12.3.1/../../../../arm-none-eabi/lib/thumb/v7e-m+fp/hard\libc_nano.a(libc_a-reent.o)
                              C:/ST/STM32CubeIDE_1.16.0/STM32CubeIDE/plugins/com.st.stm32cube.ide.mcu.externaltools.gnu-tools-for-stm32.12.3.rel1.win32_1.0.200.202406191623/tools/bin/../lib/gcc/arm-none-eabi/12.3.1/../../../../arm-none-eabi/lib/thumb/v7e-m+fp/hard\libc_nano.a(libc_a-closer.o) (errno)
C:/ST/STM32CubeIDE_1.16.0/STM32CubeIDE/plugins/com.st.stm32cube.ide.mcu.externaltools.gnu-tools-for-stm32.12.3.rel1.win32_1.0.200.202406191623/tools/bin/../lib/gcc/arm-none-eabi/12.3.1/../../../../arm-none-eabi/lib/thumb/v7e-m+fp/hard\libc_nano.a(libc_a-impure.o)
                              C:/ST/STM32CubeIDE_1.16.0/STM32CubeIDE/plugins/com.st.stm32cube.ide.mcu.externaltools.gnu-tools-for-stm32.12.3.rel1.win32_1.0.200.202406191623/tools/bin/../lib/gcc/arm-none-eabi/12.3.1/../../../../arm-none-eabi/lib/thumb/v7e-m+fp/hard\libc_nano.a(libc_a-reent.o) (_impure_ptr)
C:/ST/STM32CubeIDE_1.16.0/STM32CubeIDE/plugins/com.st.stm32cube.ide.mcu.externaltools.gnu-tools-for-stm32.12.3.rel1.win32_1.0.200.202406191623/tools/bin/../lib/gcc/arm-none-eabi/12.3.1/../../../../arm-none-eabi/lib/thumb/v7e-m+fp/hard\libc_nano.a(libc_a-lseekr.o)
[...]
Memory Configuration

Name             Origin             Length             Attributes
RAM              0x20000000         0x00008000         xrw
FLASH            0x08000000         0x0001c000         xr
*default*        0x00000000         0xffffffff

Linker script and memory map

LOAD C:/ST/STM32CubeIDE_1.16.0/STM32CubeIDE/plugins/com.st.stm32cube.ide.mcu.externaltools.gnu-tools-for-stm32.12.3.rel1.win32_1.0.200.202406191623/tools/bin/../lib/gcc/arm-none-eabi/12.3.1/thumb/v7e-m+fp/hard/crti.o
LOAD C:/ST/STM32CubeIDE_1.16.0/STM32CubeIDE/plugins/com.st.stm32cube.ide.mcu.externaltools.gnu-tools-for-stm32.12.3.rel1.win32_1.0.200.202406191623/tools/bin/../lib/gcc/arm-none-eabi/12.3.1/thumb/v7e-m+fp/hard/crtbegin.o
LOAD C:/ST/STM32CubeIDE_1.16.0/STM32CubeIDE/plugins/com.st.stm32cube.ide.mcu.externaltools.gnu-tools-for-stm32.12.3.rel1.win32_1.0.200.202406191623/tools/bin/../lib/gcc/arm-none-eabi/12.3.1/../../../../arm-none-eabi/lib/thumb/v7e-m+fp/hard/crt0.o
LOAD ./Application/Startup/startup_stm32g431rbtx.o
LOAD ./Application/User/aspep.o
LOAD ./Application/User/main.o
LOAD ./Application/User/mc_api.o
LOAD ./Application/User/mc_app_hooks.o
LOAD ./Application/User/mc_config.o
LOAD ./Application/User/mc_config_common.o
LOAD ./Application/User/mc_configuration_registers.o
LOAD ./Application/User/mc_interface.o
LOAD ./Application/User/mc_math.o
LOAD ./Application/User/mc_parameters.o
LOAD ./Application/User/mc_perf.o
LOAD ./Application/User/mc_tasks.o
LOAD ./Application/User/mc_tasks_foc.o
LOAD ./Application/User/mcp.o
LOAD ./Application/User/mcp_config.o
LOAD ./Application/User/motorcontrol.o
LOAD ./Application/User/pwm_common.o
LOAD ./Application/User/pwm_curr_fdbk.o
LOAD ./Application/User/register_interface.o
LOAD ./Application/User/regular_conversion_manager.o
LOAD ./Application/User/stm32_mc_common_it.o
LOAD ./Application/User/stm32g4xx_hal_msp.o
LOAD ./Application/User/stm32g4xx_it.o
LOAD ./Application/User/stm32g4xx_mc_it.o
LOAD ./Application/User/syscalls.o
LOAD ./Application/User/sysmem.o
LOAD ./Application/User/usart_aspep_driver.o
LOAD ./Drivers/CMSIS/system_stm32g4xx.o
LOAD ./Drivers/STM32G4xx_HAL_Driver/stm32g4xx_hal.o
LOAD ./Drivers/STM32G4xx_HAL_Driver/stm32g4xx_hal_adc.o
LOAD ./Drivers/STM32G4xx_HAL_Driver/stm32g4xx_hal_adc_ex.o
LOAD ./Drivers/STM32G4xx_HAL_Driver/stm32g4xx_hal_cordic.o
LOAD ./Drivers/STM32G4xx_HAL_Driver/stm32g4xx_hal_cortex.o
LOAD ./Drivers/STM32G4xx_HAL_Driver/stm32g4xx_hal_dma.o
LOAD ./Drivers/STM32G4xx_HAL_Driver/stm32g4xx_hal_dma_ex.o
LOAD ./Drivers/STM32G4xx_HAL_Driver/stm32g4xx_hal_exti.o
LOAD ./Drivers/STM32G4xx_HAL_Driver/stm32g4xx_hal_flash.o
LOAD ./Drivers/STM32G4xx_HAL_Driver/stm32g4xx_hal_flash_ex.o
LOAD ./Drivers/STM32G4xx_HAL_Driver/stm32g4xx_hal_flash_ramfunc.o
LOAD ./Drivers/STM32G4xx_HAL_Driver/stm32g4xx_hal_gpio.o
LOAD ./Drivers/STM32G4xx_HAL_Driver/stm32g4xx_hal_pwr.o
LOAD ./Drivers/STM32G4xx_HAL_Driver/stm32g4xx_hal_pwr_ex.o
LOAD ./Drivers/STM32G4xx_HAL_Driver/stm32g4xx_hal_rcc.o
LOAD ./Drivers/STM32G4xx_HAL_Driver/stm32g4xx_hal_rcc_ex.o
LOAD ./Drivers/STM32G4xx_HAL_Driver/stm32g4xx_hal_tim.o
LOAD ./Drivers/STM32G4xx_HAL_Driver/stm32g4xx_hal_tim_ex.o
LOAD ./Drivers/STM32G4xx_HAL_Driver/stm32g4xx_hal_uart.o
LOAD ./Drivers/STM32G4xx_HAL_Driver/stm32g4xx_hal_uart_ex.o
LOAD ./Drivers/STM32G4xx_HAL_Driver/stm32g4xx_ll_adc.o
LOAD ./Middlewares/MotorControl/bus_voltage_sensor.o
LOAD ./Middlewares/MotorControl/circle_limitation.o
LOAD ./Middlewares/MotorControl/digital_output.o
LOAD ./Middlewares/MotorControl/mcpa.o
LOAD ./Middlewares/MotorControl/ntc_temperature_sensor.o
LOAD ./Middlewares/MotorControl/open_loop.o
LOAD ./Middlewares/MotorControl/pid_regulator.o
LOAD ./Middlewares/MotorControl/pqd_motor_power_measurement.o
LOAD ./Middlewares/MotorControl/r3_1_g4xx_pwm_curr_fdbk.o
LOAD ./Middlewares/MotorControl/r_divider_bus_voltage_sensor.o
LOAD ./Middlewares/MotorControl/ramp_ext_mngr.o
LOAD ./Middlewares/MotorControl/revup_ctrl.o
LOAD ./Middlewares/MotorControl/speed_pos_fdbk.o
LOAD ./Middlewares/MotorControl/speed_torq_ctrl.o
LOAD ./Middlewares/MotorControl/sto_pll_speed_pos_fdbk.o
LOAD ./Middlewares/MotorControl/virtual_speed_sensor.o
START GROUP
LOAD C:/ST/STM32CubeIDE_1.16.0/STM32CubeIDE/plugins/com.st.stm32cube.ide.mcu.externaltools.gnu-tools-for-stm32.12.3.rel1.win32_1.0.200.202406191623/tools/bin/../lib/gcc/arm-none-eabi/12.3.1/../../../../arm-none-eabi/lib/thumb/v7e-m+fp/hard\libc_nano.a
LOAD C:/ST/STM32CubeIDE_1.16.0/STM32CubeIDE/plugins/com.st.stm32cube.ide.mcu.externaltools.gnu-tools-for-stm32.12.3.rel1.win32_1.0.200.202406191623/tools/bin/../lib/gcc/arm-none-eabi/12.3.1/../../../../arm-none-eabi/lib/thumb/v7e-m+fp/hard\libm.a
END GROUP
START GROUP
LOAD C:/ST/STM32CubeIDE_1.16.0/STM32CubeIDE/plugins/com.st.stm32cube.ide.mcu.externaltools.gnu-tools-for-stm32.12.3.rel1.win32_1.0.200.202406191623/tools/bin/../lib/gcc/arm-none-eabi/12.3.1/thumb/v7e-m+fp/hard\libgcc.a
LOAD C:/ST/STM32CubeIDE_1.16.0/STM32CubeIDE/plugins/com.st.stm32cube.ide.mcu.externaltools.gnu-tools-for-stm32.12.3.rel1.win32_1.0.200.202406191623/tools/bin/../lib/gcc/arm-none-eabi/12.3.1/../../../../arm-none-eabi/lib/thumb/v7e-m+fp/hard\libc_nano.a
END GROUP
START GROUP
LOAD C:/ST/STM32CubeIDE_1.16.0/STM32CubeIDE/plugins/com.st.stm32cube.ide.mcu.externaltools.gnu-tools-for-stm32.12.3.rel1.win32_1.0.200.202406191623/tools/bin/../lib/gcc/arm-none-eabi/12.3.1/thumb/v7e-m+fp/hard\libgcc.a
LOAD C:/ST/STM32CubeIDE_1.16.0/STM32CubeIDE/plugins/com.st.stm32cube.ide.mcu.externaltools.gnu-tools-for-stm32.12.3.rel1.win32_1.0.200.202406191623/tools/bin/../lib/gcc/arm-none-eabi/12.3.1/../../../../arm-none-eabi/lib/thumb/v7e-m+fp/hard\libc_nano.a
LOAD C:/ST/STM32CubeIDE_1.16.0/STM32CubeIDE/plugins/com.st.stm32cube.ide.mcu.externaltools.gnu-tools-for-stm32.12.3.rel1.win32_1.0.200.202406191623/tools/bin/../lib/gcc/arm-none-eabi/12.3.1/../../../../arm-none-eabi/lib/thumb/v7e-m+fp/hard\libnosys.a
END GROUP
START GROUP
LOAD C:/ST/STM32CubeIDE_1.16.0/STM32CubeIDE/plugins/com.st.stm32cube.ide.mcu.externaltools.gnu-tools-for-stm32.12.3.rel1.win32_1.0.200.202406191623/tools/bin/../lib/gcc/arm-none-eabi/12.3.1/thumb/v7e-m+fp/hard\libgcc.a
LOAD C:/ST/STM32CubeIDE_1.16.0/STM32CubeIDE/plugins/com.st.stm32cube.ide.mcu.externaltools.gnu-tools-for-stm32.12.3.rel1.win32_1.0.200.202406191623/tools/bin/../lib/gcc/arm-none-eabi/12.3.1/../../../../arm-none-eabi/lib/thumb/v7e-m+fp/hard\libc_nano.a
LOAD C:/ST/STM32CubeIDE_1.16.0/STM32CubeIDE/plugins/com.st.stm32cube.ide.mcu.externaltools.gnu-tools-for-stm32.12.3.rel1.win32_1.0.200.202406191623/tools/bin/../lib/gcc/arm-none-eabi/12.3.1/../../../../arm-none-eabi/lib/thumb/v7e-m+fp/hard\libnosys.a
END GROUP
LOAD C:/ST/STM32CubeIDE_1.16.0/STM32CubeIDE/plugins/com.st.stm32cube.ide.mcu.externaltools.gnu-tools-for-stm32.12.3.rel1.win32_1.0.200.202406191623/tools/bin/../lib/gcc/arm-none-eabi/12.3.1/thumb/v7e-m+fp/hard/crtend.o
LOAD C:/ST/STM32CubeIDE_1.16.0/STM32CubeIDE/plugins/com.st.stm32cube.ide.mcu.externaltools.gnu-tools-for-stm32.12.3.rel1.win32_1.0.200.202406191623/tools/bin/../lib/gcc/arm-none-eabi/12.3.1/thumb/v7e-m+fp/hard/crtn.o
                0x20008000                        _estack = (ORIGIN (RAM) + LENGTH (RAM))
                0x00000200                        _Min_Heap_Size = 0x200
                0x00000400                        _Min_Stack_Size = 0x400

.isr_vector     0x08000000      0x1d8
                0x08000000                        . = ALIGN (0x4)
 *(.isr_vector)
 .isr_vector    0x08000000      0x1d8 ./Application/Startup/startup_stm32g431rbtx.o
                0x08000000                g_pfnVectors
                0x080001d8                        . = ALIGN (0x4)

.text           0x080001d8     0x9090
                0x080001d8                        . = ALIGN (0x4)
 *(.text)
 .text          0x080001d8       0x40 C:/ST/STM32CubeIDE_1.16.0/STM32CubeIDE/plugins/com.st.stm32cube.ide.mcu.externaltools.gnu-tools-for-stm32.12.3.rel1.win32_1.0.200.202406191623/tools/bin/../lib/gcc/arm-none-eabi/12.3.1/thumb/v7e-m+fp/hard/crtbegin.o
 .text          0x08000218       0x30 C:/ST/STM32CubeIDE_1.16.0/STM32CubeIDE/plugins/com.st.stm32cube.ide.mcu.externaltools.gnu-tools-for-stm32.12.3.rel1.win32_1.0.200.202406191623/tools/bin/../lib/gcc/arm-none-eabi/12.3.1/thumb/v7e-m+fp/hard\libgcc.a(_aeabi_uldivmod.o)
                0x08000218                __aeabi_uldivmod
 .text          0x08000248      0x2bc C:/ST/STM32CubeIDE_1.16.0/STM32CubeIDE/plugins/com.st.stm32cube.ide.mcu.externaltools.gnu-tools-for-stm32.12.3.rel1.win32_1.0.200.202406191623/tools/bin/../lib/gcc/arm-none-eabi/12.3.1/thumb/v7e-m+fp/hard\libgcc.a(_udivmoddi4.o)
                0x08000248                __udivmoddi4
 .text          0x08000504        0x4 C:/ST/STM32CubeIDE_1.16.0/STM32CubeIDE/plugins/com.st.stm32cube.ide.mcu.externaltools.gnu-tools-for-stm32.12.3.rel1.win32_1.0.200.202406191623/tools/bin/../lib/gcc/arm-none-eabi/12.3.1/thumb/v7e-m+fp/hard\libgcc.a(_dvmd_tls.o)
                0x08000504                __aeabi_idiv0
                0x08000504                __aeabi_ldiv0
 *(.text*)
 .text.Reset_Handler
                0x08000508       0x50 ./Application/Startup/startup_stm32g431rbtx.o
                0x08000508                Reset_Handler
 .text.Default_Handler
                0x08000558        0x2 ./Application/Startup/startup_stm32g431rbtx.o
                0x08000558                RTC_Alarm_IRQHandler
                0x08000558                EXTI2_IRQHandler
                0x08000558                TIM8_TRG_COM_IRQHandler
                0x08000558                TIM8_CC_IRQHandler
                0x08000558                DebugMon_Handler
                0x08000558                TIM1_CC_IRQHandler
                0x08000558                USB_HP_IRQHandler
                0x08000558                CORDIC_IRQHandler
                0x08000558                PendSV_Handler
                0x08000558                NMI_Handler
                0x08000558                EXTI3_IRQHandler
                0x08000558                I2C3_ER_IRQHandler
                0x08000558                EXTI0_IRQHandler
                0x08000558                I2C2_EV_IRQHandler
                0x08000558                FPU_IRQHandler
                0x08000558                FDCAN1_IT1_IRQHandler
                0x08000558                UsageFault_Handler
                0x08000558                SPI1_IRQHandler
                0x08000558                TIM6_DAC_IRQHandler
                0x08000558                TIM8_UP_IRQHandler
                0x08000558                DMA2_Channel2_IRQHandler
                0x08000558                DMA1_Channel4_IRQHandler
                0x08000558                USART3_IRQHandler
                0x08000558                TIM4_IRQHandler
                0x08000558                DMA2_Channel1_IRQHandler
                0x08000558                I2C1_EV_IRQHandler
                0x08000558                DMA1_Channel6_IRQHandler
                0x08000558                UART4_IRQHandler
                0x08000558                DMA2_Channel4_IRQHandler
                0x08000558                TIM3_IRQHandler
                0x08000558                RCC_IRQHandler
                0x08000558                DMA1_Channel1_IRQHandler
                0x08000558                Default_Handler
                0x08000558                RTC_TAMP_LSECSS_IRQHandler
                0x08000558                FMAC_IRQHandler
                0x08000558                TIM7_IRQHandler
                0x08000558                UCPD1_IRQHandler
                0x08000558                I2C3_EV_IRQHandler
                0x08000558                EXTI9_5_IRQHandler
                0x08000558                RTC_WKUP_IRQHandler
                0x08000558                PVD_PVM_IRQHandler
                0x08000558                SPI2_IRQHandler
                0x08000558                MemManage_Handler
                0x08000558                SVC_Handler
                0x08000558                DMA2_Channel5_IRQHandler
                0x08000558                CRS_IRQHandler
                0x08000558                DMA1_Channel5_IRQHandler
                0x08000558                USB_LP_IRQHandler
                0x08000558                EXTI4_IRQHandler
                0x08000558                RNG_IRQHandler
                0x08000558                TIM1_TRG_COM_TIM17_IRQHandler
                0x08000558                DMA1_Channel3_IRQHandler
                0x08000558                WWDG_IRQHandler
                0x08000558                LPUART1_IRQHandler
                0x08000558                DMA2_Channel6_IRQHandler
                0x08000558                FDCAN1_IT0_IRQHandler
                0x08000558                TIM2_IRQHandler
                0x08000558                COMP1_2_3_IRQHandler
                0x08000558                EXTI1_IRQHandler
                0x08000558                I2C2_ER_IRQHandler
                0x08000558                DMA1_Channel2_IRQHandler
                0x08000558                TIM8_BRK_IRQHandler
                0x08000558                FLASH_IRQHandler
                0x08000558                BusFault_Handler
                0x08000558                USART1_IRQHandler
                0x08000558                SPI3_IRQHandler
                0x08000558                I2C1_ER_IRQHandler
                0x08000558                LPTIM1_IRQHandler
                0x08000558                DMAMUX_OVR_IRQHandler
                0x08000558                USBWakeUp_IRQHandler
                0x08000558                SAI1_IRQHandler
                0x08000558                DMA2_Channel3_IRQHandler
                0x08000558                COMP4_IRQHandler
 *fill*         0x0800055a        0x2 
 .text.ASPEP_start
                0x0800055c       0x28 ./Application/User/aspep.o
                0x0800055c                ASPEP_start
 .text.ASPEP_sendBeacon
                0x08000584       0x8c ./Application/User/aspep.o
                0x08000584                ASPEP_sendBeacon
 .text.ASPEP_sendPing
                0x08000610       0x8c ./Application/User/aspep.o
                0x08000610                ASPEP_sendPing
 .text.ASPEP_getBuffer
                0x0800069c       0x60 ./Application/User/aspep.o
                0x0800069c                ASPEP_getBuffer
 .text.ASPEP_sendPacket
                0x080006fc      0x118 ./Application/User/aspep.o
                0x080006fc                ASPEP_sendPacket
 .text.ASPEP_HWDataTransmittedIT
                0x08000814       0x98 ./Application/User/aspep.o
                0x08000814                ASPEP_HWDataTransmittedIT
 .text.ASPEP_RXframeProcess
                0x080008ac      0x2c0 ./Application/User/aspep.o
                0x080008ac                ASPEP_RXframeProcess
 .text.ASPEP_HWDataReceivedIT
                0x08000b6c       0x9c ./Application/User/aspep.o
                0x08000b6c                ASPEP_HWDataReceivedIT
 .text.ASPEP_HWReset
                0x08000c08       0x14 ./Application/User/aspep.o
                0x08000c08                ASPEP_HWReset
 .text.SystemClock_Config
                0x08000c1c       0x74 ./Application/User/main.o
                0x08000c1c                SystemClock_Config
 .text.startup.main
                0x08000c90      0x408 ./Application/User/main.o
                0x08000c90                main
 .text.Error_Handler
                0x08001098        0x4 ./Application/User/main.o
                0x08001098                Error_Handler
 .text.MC_StartMotor1
                0x0800109c        0xc ./Application/User/mc_api.o
                0x0800109c                MC_StartMotor1
 .text.MC_StopMotor1
                0x080010a8        0xc ./Application/User/mc_api.o
                0x080010a8                MC_StopMotor1
 .text.MC_GetSTMStateMotor1
                0x080010b4        0xc ./Application/User/mc_api.o
                0x080010b4                MC_GetSTMStateMotor1
 .text.MC_ProfilerCommand
                0x080010c0        0x4 ./Application/User/mc_api.o
                0x080010c0                MC_ProfilerCommand
 .text.MC_APP_BootHook
                0x080010c4        0x4 ./Application/User/mc_app_hooks.o
                0x080010c4                MC_APP_BootHook
 .text.MC_APP_PostMediumFrequencyHook_M1
                0x080010c8        0x4 ./Application/User/mc_app_hooks.o
                0x080010c8                MC_APP_PostMediumFrequencyHook_M1
 .text.MCI_ExecSpeedRamp
                0x080010cc       0x10 ./Application/User/mc_interface.o
                0x080010cc                MCI_ExecSpeedRamp
 .text.MCI_ExecTorqueRamp
                0x080010dc       0x14 ./Application/User/mc_interface.o
                0x080010dc                MCI_ExecTorqueRamp
 .text.MCI_SetSpeedMode
                0x080010f0       0x1c ./Application/User/mc_interface.o
                0x080010f0                MCI_SetSpeedMode
 .text.MCI_SetOpenLoopCurrentMode
                0x0800110c       0x1c ./Application/User/mc_interface.o
                0x0800110c                MCI_SetOpenLoopCurrentMode
 .text.MCI_SetOpenLoopVoltageMode
                0x08001128       0x1c ./Application/User/mc_interface.o
                0x08001128                MCI_SetOpenLoopVoltageMode
 .text.MCI_FaultProcessing
                0x08001144       0x18 ./Application/User/mc_interface.o
                0x08001144                MCI_FaultProcessing
 .text.MCI_ExecBufferedCommands
                0x0800115c       0xa0 ./Application/User/mc_interface.o
                0x0800115c                MCI_ExecBufferedCommands
 .text.MCI_GetSTMState
                0x080011fc        0x8 ./Application/User/mc_interface.o
                0x080011fc                MCI_GetSTMState
 .text.MCI_GetOccurredFaults
                0x08001204        0x4 ./Application/User/mc_interface.o
                0x08001204                MCI_GetOccurredFaults
 .text.MCI_GetCurrentFaults
                0x08001208        0x4 ./Application/User/mc_interface.o
                0x08001208                MCI_GetCurrentFaults
 .text.MCI_StartMotor
                0x0800120c       0x30 ./Application/User/mc_interface.o
                0x0800120c                MCI_StartMotor
 .text.MCI_StopMotor
                0x0800123c       0x38 ./Application/User/mc_interface.o
                0x0800123c                MCI_StopMotor
 .text.MCI_FaultAcknowledged
                0x08001274       0x28 ./Application/User/mc_interface.o
                0x08001274                MCI_FaultAcknowledged
 .text.MCI_GetFaultState
                0x0800129c        0xc ./Application/User/mc_interface.o
                0x0800129c                MCI_GetFaultState
 .text.MCI_GetControlMode
                0x080012a8        0x8 ./Application/User/mc_interface.o
                0x080012a8                MCI_GetControlMode
 .text.MCI_SetCurrentReferences
                0x080012b0       0x38 ./Application/User/mc_interface.o
                0x080012b0                MCI_SetCurrentReferences
 .text.MCI_GetImposedMotorDirection
                0x080012e8       0x44 ./Application/User/mc_interface.o
                0x080012e8                MCI_GetImposedMotorDirection
 .text.MCI_GetLastRampFinalSpeed
                0x0800132c        0x8 ./Application/User/mc_interface.o
                0x0800132c                MCI_GetLastRampFinalSpeed
 .text.MCI_GetLastRampFinalTorque
                0x08001334        0x8 ./Application/User/mc_interface.o
                0x08001334                MCI_GetLastRampFinalTorque
 .text.MCI_GetLastRampFinalDuration
                0x0800133c        0x4 ./Application/User/mc_interface.o
                0x0800133c                MCI_GetLastRampFinalDuration
 .text.MCI_StopRamp
                0x08001340        0xc ./Application/User/mc_interface.o
                0x08001340                MCI_StopRamp
 .text.MCI_GetAvrgMecSpeedUnit
                0x0800134c        0x8 ./Application/User/mc_interface.o
                0x0800134c                MCI_GetAvrgMecSpeedUnit
 .text.MCI_GetMecSpeedRefUnit
                0x08001354        0x8 ./Application/User/mc_interface.o
                0x08001354                MCI_GetMecSpeedRefUnit
 .text.MCI_GetIab
                0x0800135c       0x1c ./Application/User/mc_interface.o
                0x0800135c                MCI_GetIab
 .text.MCI_GetIalphabeta
                0x08001378       0x1c ./Application/User/mc_interface.o
                0x08001378                MCI_GetIalphabeta
 .text.MCI_GetIqd
                0x08001394       0x1c ./Application/User/mc_interface.o
                0x08001394                MCI_GetIqd
 .text.MCI_GetIqdref
                0x080013b0       0x1c ./Application/User/mc_interface.o
                0x080013b0                MCI_GetIqdref
 .text.MCI_GetVqd
                0x080013cc       0x1c ./Application/User/mc_interface.o
                0x080013cc                MCI_GetVqd
 .text.MCI_GetValphabeta
                0x080013e8       0x1c ./Application/User/mc_interface.o
                0x080013e8                MCI_GetValphabeta
 .text.MCI_GetTeref
                0x08001404        0x8 ./Application/User/mc_interface.o
                0x08001404                MCI_GetTeref
 .text.MCI_Clear_Iqdref
                0x0800140c       0x14 ./Application/User/mc_interface.o
                0x0800140c                MCI_Clear_Iqdref
 .text.MCM_Clarke
                0x08001420       0x54 ./Application/User/mc_math.o
                0x08001420                MCM_Clarke
 .text.MCM_Trig_Functions
                0x08001474       0x2c ./Application/User/mc_math.o
                0x08001474                MCM_Trig_Functions
 .text.MCM_Park
                0x080014a0       0x84 ./Application/User/mc_math.o
                0x080014a0                MCM_Park
 .text.MCM_Rev_Park
                0x08001524       0x3c ./Application/User/mc_math.o
                0x08001524                MCM_Rev_Park
 .text.MCM_Sqrt
                0x08001560       0x20 ./Application/User/mc_math.o
                0x08001560                MCM_Sqrt
 .text.MCboot   0x08001580       0x70 ./Application/User/mc_tasks.o
                0x08001580                MCboot
 .text.TSK_SetChargeBootCapDelayM1
                0x080015f0        0xc ./Application/User/mc_tasks.o
                0x080015f0                TSK_SetChargeBootCapDelayM1
 .text.TSK_ChargeBootCapDelayHasElapsedM1
                0x080015fc       0x14 ./Application/User/mc_tasks.o
                0x080015fc                TSK_ChargeBootCapDelayHasElapsedM1
 .text.TSK_SetStopPermanencyTimeM1
                0x08001610        0xc ./Application/User/mc_tasks.o
                0x08001610                TSK_SetStopPermanencyTimeM1
 .text.TSK_StopPermanencyTimeHasElapsedM1
                0x0800161c       0x14 ./Application/User/mc_tasks.o
                0x0800161c                TSK_StopPermanencyTimeHasElapsedM1
 .text.TSK_HighFrequencyTask
                0x08001630       0x2c ./Application/User/mc_tasks.o
                0x08001630                TSK_HighFrequencyTask
 .text.TSK_SafetyTask_PWMOFF
                0x0800165c       0xac ./Application/User/mc_tasks.o
                0x0800165c                TSK_SafetyTask_PWMOFF
 .text.TSK_SafetyTask
                0x08001708       0x20 ./Application/User/mc_tasks.o
                0x08001708                TSK_SafetyTask
 .text.MC_RunMotorControlTasks
                0x08001728       0x90 ./Application/User/mc_tasks.o
                0x08001728                MC_RunMotorControlTasks
 .text.TSK_HardwareFaultTask
                0x080017b8       0x1c ./Application/User/mc_tasks.o
                0x080017b8                TSK_HardwareFaultTask
 .text.UI_HandleStartStopButton_cb
                0x080017d4       0x18 ./Application/User/mc_tasks.o
                0x080017d4                UI_HandleStartStopButton_cb
 .text.mc_lock_pins
                0x080017ec       0xec ./Application/User/mc_tasks.o
                0x080017ec                mc_lock_pins
 .text.FOC_Clear
                0x080018d8       0x9c ./Application/User/mc_tasks_foc.o
                0x080018d8                FOC_Clear
 .text.FOC_Init
                0x08001974       0xfc ./Application/User/mc_tasks_foc.o
                0x08001974                FOC_Init
 .text.FOC_InitAdditionalMethods
                0x08001a70        0x4 ./Application/User/mc_tasks_foc.o
                0x08001a70                FOC_InitAdditionalMethods
 .text.FOC_CalcCurrRef
                0x08001a74       0x6c ./Application/User/mc_tasks_foc.o
                0x08001a74                FOC_CalcCurrRef
 .text.TSK_MediumFrequencyTaskM1
                0x08001ae0      0x378 ./Application/User/mc_tasks_foc.o
                0x08001ae0                TSK_MediumFrequencyTaskM1
 .text.FOC_HighFrequencyTask
                0x08001e58      0x190 ./Application/User/mc_tasks_foc.o
                0x08001e58                FOC_HighFrequencyTask
 .text.RI_SetRegCommandParser
                0x08001fe8       0xd8 ./Application/User/mcp.o
                0x08001fe8                RI_SetRegCommandParser
 .text.RI_GetRegCommandParser
                0x080020c0       0x90 ./Application/User/mcp.o
                0x080020c0                RI_GetRegCommandParser
 .text.MCP_ReceivedPacket
                0x08002150      0x178 ./Application/User/mcp.o
                0x08002150                MCP_ReceivedPacket
 .text.MX_MotorControl_Init
                0x080022c8       0x3c ./Application/User/motorcontrol.o
                0x080022c8                MX_MotorControl_Init
 .text.startTimers
                0x08002304       0x9c ./Application/User/pwm_common.o
                0x08002304                startTimers
 .text.waitForPolarizationEnd
                0x080023a0       0x3c ./Application/User/pwm_common.o
                0x080023a0                waitForPolarizationEnd
 .text.PWMC_SetPhaseVoltage
                0x080023dc      0x290 ./Application/User/pwm_curr_fdbk.o
                0x080023dc                PWMC_SetPhaseVoltage
 .text.PWMC_SwitchOffPWM
                0x0800266c        0x4 ./Application/User/pwm_curr_fdbk.o
                0x0800266c                PWMC_SwitchOffPWM
 .text.PWMC_SwitchOnPWM
                0x08002670        0x4 ./Application/User/pwm_curr_fdbk.o
                0x08002670                PWMC_SwitchOnPWM
 .text.PWMC_CurrentReadingCalibr
                0x08002674       0x34 ./Application/User/pwm_curr_fdbk.o
                0x08002674                PWMC_CurrentReadingCalibr
 .text.PWMC_OCP_Handler
                0x080026a8       0x40 ./Application/User/pwm_curr_fdbk.o
                0x080026a8                PWMC_OCP_Handler
 .text.PWMC_OVP_Handler
                0x080026e8       0x1c ./Application/User/pwm_curr_fdbk.o
                0x080026e8                PWMC_OVP_Handler
 .text.PWMC_IsFaultOccurred
                0x08002704       0x38 ./Application/User/pwm_curr_fdbk.o
                0x08002704                PWMC_IsFaultOccurred
 .text.RI_SetRegisterGlobal
                0x0800273c      0x104 ./Application/User/register_interface.o
                0x0800273c                RI_SetRegisterGlobal
 .text.RI_SetRegisterMotor1
                0x08002840      0x608 ./Application/User/register_interface.o
                0x08002840                RI_SetRegisterMotor1
 .text.RI_GetRegisterGlobal
                0x08002e48      0x134 ./Application/User/register_interface.o
                0x08002e48                RI_GetRegisterGlobal
 .text.RI_GetRegisterMotor1
                0x08002f7c      0x7dc ./Application/User/register_interface.o
                0x08002f7c                RI_GetRegisterMotor1
 .text.RI_GetIDSize
                0x08003758       0x18 ./Application/User/register_interface.o
                0x08003758                RI_GetIDSize
 .text.RI_GetPtrReg
                0x08003770      0x130 ./Application/User/register_interface.o
                0x08003770                RI_GetPtrReg
 .text.RCM_RegisterRegConv
                0x080038a0      0x1f8 ./Application/User/regular_conversion_manager.o
                0x080038a0                RCM_RegisterRegConv
 .text.RCM_ExecRegularConv
                0x08003a98      0x190 ./Application/User/regular_conversion_manager.o
                0x08003a98                RCM_ExecRegularConv
 .text.RCM_ExecUserConv
                0x08003c28       0x68 ./Application/User/regular_conversion_manager.o
                0x08003c28                RCM_ExecUserConv
 .text.RCM_ExecNextConv
                0x08003c90       0x88 ./Application/User/regular_conversion_manager.o
                0x08003c90                RCM_ExecNextConv
 .text.RCM_ReadOngoingConv
                0x08003d18       0x58 ./Application/User/regular_conversion_manager.o
                0x08003d18                RCM_ReadOngoingConv
 .text.USART2_IRQHandler
                0x08003d70      0x11c ./Application/User/stm32_mc_common_it.o
                0x08003d70                USART2_IRQHandler
 .text.HardFault_Handler
                0x08003e8c        0x8 ./Application/User/stm32_mc_common_it.o
                0x08003e8c                HardFault_Handler
 .text.SysTick_Handler
                0x08003e94       0x44 ./Application/User/stm32_mc_common_it.o
                0x08003e94                SysTick_Handler
 .text.EXTI15_10_IRQHandler
                0x08003ed8       0x18 ./Application/User/stm32_mc_common_it.o
                0x08003ed8                EXTI15_10_IRQHandler
 .text.HAL_MspInit
                0x08003ef0       0x40 ./Application/User/stm32g4xx_hal_msp.o
                0x08003ef0                HAL_MspInit
 .text.HAL_ADC_MspInit
                0x08003f30       0xb0 ./Application/User/stm32g4xx_hal_msp.o
                0x08003f30                HAL_ADC_MspInit
 .text.HAL_CORDIC_MspInit
                0x08003fe0       0x30 ./Application/User/stm32g4xx_hal_msp.o
                0x08003fe0                HAL_CORDIC_MspInit
 .text.HAL_TIM_PWM_MspInit
                0x08004010       0x74 ./Application/User/stm32g4xx_hal_msp.o
                0x08004010                HAL_TIM_PWM_MspInit
 .text.HAL_TIM_MspPostInit
                0x08004084       0xa8 ./Application/User/stm32g4xx_hal_msp.o
                0x08004084                HAL_TIM_MspPostInit
 .text.HAL_UART_MspInit
                0x0800412c       0xfc ./Application/User/stm32g4xx_hal_msp.o
                0x0800412c                HAL_UART_MspInit
 .text.ADC1_2_IRQHandler
                0x08004228        0xc ./Application/User/stm32g4xx_mc_it.o
                0x08004228                ADC1_2_IRQHandler
 .text.TIM1_UP_TIM16_IRQHandler
                0x08004234       0x18 ./Application/User/stm32g4xx_mc_it.o
                0x08004234                TIM1_UP_TIM16_IRQHandler
 .text.TIM1_BRK_TIM15_IRQHandler
                0x0800424c       0x3c ./Application/User/stm32g4xx_mc_it.o
                0x0800424c                TIM1_BRK_TIM15_IRQHandler
 .text.UASPEP_INIT
                0x08004288       0x84 ./Application/User/usart_aspep_driver.o
                0x08004288                UASPEP_INIT
 .text.UASPEP_CFG_TRANSMISSION
                0x0800430c       0x38 ./Application/User/usart_aspep_driver.o
                0x0800430c                UASPEP_CFG_TRANSMISSION
 .text.UASPEP_CFG_RECEPTION
                0x08004344       0x38 ./Application/User/usart_aspep_driver.o
                0x08004344                UASPEP_CFG_RECEPTION
 .text.UASPEP_IDLE_ENABLE
                0x0800437c       0x18 ./Application/User/usart_aspep_driver.o
                0x0800437c                UASPEP_IDLE_ENABLE
 .text.SystemInit
                0x08004394       0x14 ./Drivers/CMSIS/system_stm32g4xx.o
                0x08004394                SystemInit
 .text.HAL_InitTick
                0x080043a8       0x4c ./Drivers/STM32G4xx_HAL_Driver/stm32g4xx_hal.o
                0x080043a8                HAL_InitTick
 .text.HAL_Init
                0x080043f4       0x30 ./Drivers/STM32G4xx_HAL_Driver/stm32g4xx_hal.o
                0x080043f4                HAL_Init
 .text.HAL_IncTick
                0x08004424       0x18 ./Drivers/STM32G4xx_HAL_Driver/stm32g4xx_hal.o
                0x08004424                HAL_IncTick
 .text.HAL_GetTick
                0x0800443c        0xc ./Drivers/STM32G4xx_HAL_Driver/stm32g4xx_hal.o
                0x0800443c                HAL_GetTick
 .text.HAL_Delay
                0x08004448       0x24 ./Drivers/STM32G4xx_HAL_Driver/stm32g4xx_hal.o
                0x08004448                HAL_Delay
 .text.HAL_ADC_Init
                0x0800446c      0x1f4 ./Drivers/STM32G4xx_HAL_Driver/stm32g4xx_hal_adc.o
                0x0800446c                HAL_ADC_Init
 .text.HAL_ADC_ConfigChannel
                0x08004660      0x4a4 ./Drivers/STM32G4xx_HAL_Driver/stm32g4xx_hal_adc.o
                0x08004660                HAL_ADC_ConfigChannel
 .text.HAL_ADCEx_InjectedConfigChannel
                0x08004b04      0x5c0 ./Drivers/STM32G4xx_HAL_Driver/stm32g4xx_hal_adc_ex.o
                0x08004b04                HAL_ADCEx_InjectedConfigChannel
 .text.HAL_ADCEx_MultiModeConfigChannel
                0x080050c4       0xcc ./Drivers/STM32G4xx_HAL_Driver/stm32g4xx_hal_adc_ex.o
                0x080050c4                HAL_ADCEx_MultiModeConfigChannel
 .text.HAL_CORDIC_Init
                0x08005190       0x34 ./Drivers/STM32G4xx_HAL_Driver/stm32g4xx_hal_cordic.o
                0x08005190                HAL_CORDIC_Init
 .text.HAL_NVIC_SetPriorityGrouping
                0x080051c4       0x24 ./Drivers/STM32G4xx_HAL_Driver/stm32g4xx_hal_cortex.o
                0x080051c4                HAL_NVIC_SetPriorityGrouping
 .text.HAL_NVIC_SetPriority
                0x080051e8       0x78 ./Drivers/STM32G4xx_HAL_Driver/stm32g4xx_hal_cortex.o
                0x080051e8                HAL_NVIC_SetPriority
 .text.HAL_NVIC_EnableIRQ
                0x08005260       0x1c ./Drivers/STM32G4xx_HAL_Driver/stm32g4xx_hal_cortex.o
                0x08005260                HAL_NVIC_EnableIRQ
 .text.HAL_SYSTICK_Config
                0x0800527c       0x34 ./Drivers/STM32G4xx_HAL_Driver/stm32g4xx_hal_cortex.o
                0x0800527c                HAL_SYSTICK_Config
 .text.HAL_SYSTICK_Callback
                0x080052b0        0x4 ./Drivers/STM32G4xx_HAL_Driver/stm32g4xx_hal_cortex.o
                0x080052b0                HAL_SYSTICK_Callback
 .text.HAL_SYSTICK_IRQHandler
                0x080052b4        0x8 ./Drivers/STM32G4xx_HAL_Driver/stm32g4xx_hal_cortex.o
                0x080052b4                HAL_SYSTICK_IRQHandler
 .text.HAL_DMA_Init
                0x080052bc      0x124 ./Drivers/STM32G4xx_HAL_Driver/stm32g4xx_hal_dma.o
                0x080052bc                HAL_DMA_Init
 .text.HAL_GPIO_Init
                0x080053e0      0x210 ./Drivers/STM32G4xx_HAL_Driver/stm32g4xx_hal_gpio.o
                0x080053e0                HAL_GPIO_Init
 .text.HAL_PWREx_ControlVoltageScaling
                0x080055f0       0xe4 ./Drivers/STM32G4xx_HAL_Driver/stm32g4xx_hal_pwr_ex.o
                0x080055f0                HAL_PWREx_ControlVoltageScaling
 .text.HAL_PWREx_DisableUCPDDeadBattery
                0x080056d4       0x10 ./Drivers/STM32G4xx_HAL_Driver/stm32g4xx_hal_pwr_ex.o
                0x080056d4                HAL_PWREx_DisableUCPDDeadBattery
 .text.HAL_RCC_OscConfig
                0x080056e4      0x48c ./Drivers/STM32G4xx_HAL_Driver/stm32g4xx_hal_rcc.o
                0x080056e4                HAL_RCC_OscConfig
 .text.HAL_RCC_GetSysClockFreq
                0x08005b70       0x70 ./Drivers/STM32G4xx_HAL_Driver/stm32g4xx_hal_rcc.o
                0x08005b70                HAL_RCC_GetSysClockFreq
 .text.HAL_RCC_ClockConfig
                0x08005be0      0x208 ./Drivers/STM32G4xx_HAL_Driver/stm32g4xx_hal_rcc.o
                0x08005be0                HAL_RCC_ClockConfig
 .text.HAL_RCC_GetHCLKFreq
                0x08005de8        0xc ./Drivers/STM32G4xx_HAL_Driver/stm32g4xx_hal_rcc.o
                0x08005de8                HAL_RCC_GetHCLKFreq
 .text.HAL_RCC_GetPCLK1Freq
                0x08005df4       0x24 ./Drivers/STM32G4xx_HAL_Driver/stm32g4xx_hal_rcc.o
                0x08005df4                HAL_RCC_GetPCLK1Freq
 .text.HAL_RCC_GetPCLK2Freq
                0x08005e18       0x24 ./Drivers/STM32G4xx_HAL_Driver/stm32g4xx_hal_rcc.o
                0x08005e18                HAL_RCC_GetPCLK2Freq
 .text.HAL_RCC_EnableCSS
                0x08005e3c       0x10 ./Drivers/STM32G4xx_HAL_Driver/stm32g4xx_hal_rcc.o
                0x08005e3c                HAL_RCC_EnableCSS
 .text.HAL_RCCEx_PeriphCLKConfig
                0x08005e4c      0x2a0 ./Drivers/STM32G4xx_HAL_Driver/stm32g4xx_hal_rcc_ex.o
                0x08005e4c                HAL_RCCEx_PeriphCLKConfig
 .text.TIM_OC1_SetConfig
                0x080060ec       0x78 ./Drivers/STM32G4xx_HAL_Driver/stm32g4xx_hal_tim.o
 .text.TIM_OC3_SetConfig
                0x08006164       0x80 ./Drivers/STM32G4xx_HAL_Driver/stm32g4xx_hal_tim.o
 .text.TIM_OC4_SetConfig
                0x080061e4       0x84 ./Drivers/STM32G4xx_HAL_Driver/stm32g4xx_hal_tim.o
 .text.HAL_TIM_PWM_Init
                0x08006268       0xfc ./Drivers/STM32G4xx_HAL_Driver/stm32g4xx_hal_tim.o
                0x08006268                HAL_TIM_PWM_Init
 .text.HAL_TIM_PWM_Start
                0x08006364      0x128 ./Drivers/STM32G4xx_HAL_Driver/stm32g4xx_hal_tim.o
                0x08006364                HAL_TIM_PWM_Start
 .text.HAL_TIM_PWM_Stop
                0x0800648c       0xf4 ./Drivers/STM32G4xx_HAL_Driver/stm32g4xx_hal_tim.o
                0x0800648c                HAL_TIM_PWM_Stop
 .text.TIM_OC2_SetConfig
                0x08006580       0x84 ./Drivers/STM32G4xx_HAL_Driver/stm32g4xx_hal_tim.o
                0x08006580                TIM_OC2_SetConfig
 .text.HAL_TIM_PWM_ConfigChannel
                0x08006604      0x1cc ./Drivers/STM32G4xx_HAL_Driver/stm32g4xx_hal_tim.o
                0x08006604                HAL_TIM_PWM_ConfigChannel
 .text.HAL_TIMEx_MasterConfigSynchronization
                0x080067d0       0xa4 ./Drivers/STM32G4xx_HAL_Driver/stm32g4xx_hal_tim_ex.o
                0x080067d0                HAL_TIMEx_MasterConfigSynchronization
 .text.HAL_TIMEx_ConfigBreakDeadTime
                0x08006874       0x9c ./Drivers/STM32G4xx_HAL_Driver/stm32g4xx_hal_tim_ex.o
                0x08006874                HAL_TIMEx_ConfigBreakDeadTime
 .text.HAL_TIMEx_ConfigBreakInput
                0x08006910       0xb0 ./Drivers/STM32G4xx_HAL_Driver/stm32g4xx_hal_tim_ex.o
                0x08006910                HAL_TIMEx_ConfigBreakInput
 .text.UART_SetConfig
                0x080069c0      0x294 ./Drivers/STM32G4xx_HAL_Driver/stm32g4xx_hal_uart.o
                0x080069c0                UART_SetConfig
 .text.UART_AdvFeatureConfig
                0x08006c54       0xb0 ./Drivers/STM32G4xx_HAL_Driver/stm32g4xx_hal_uart.o
                0x08006c54                UART_AdvFeatureConfig
 .text.UART_CheckIdleState
                0x08006d04      0x258 ./Drivers/STM32G4xx_HAL_Driver/stm32g4xx_hal_uart.o
                0x08006d04                UART_CheckIdleState
 .text.HAL_UART_Init
                0x08006f5c       0x68 ./Drivers/STM32G4xx_HAL_Driver/stm32g4xx_hal_uart.o
                0x08006f5c                HAL_UART_Init
 .text.HAL_UARTEx_DisableFifoMode
                0x08006fc4       0x3c ./Drivers/STM32G4xx_HAL_Driver/stm32g4xx_hal_uart_ex.o
                0x08006fc4                HAL_UARTEx_DisableFifoMode
 .text.HAL_UARTEx_SetTxFifoThreshold
                0x08007000       0x84 ./Drivers/STM32G4xx_HAL_Driver/stm32g4xx_hal_uart_ex.o
                0x08007000                HAL_UARTEx_SetTxFifoThreshold
 .text.HAL_UARTEx_SetRxFifoThreshold
                0x08007084       0x84 ./Drivers/STM32G4xx_HAL_Driver/stm32g4xx_hal_uart_ex.o
                0x08007084                HAL_UARTEx_SetRxFifoThreshold
 .text.VBS_GetAvBusVoltage_V
                0x08007108        0xc ./Middlewares/MotorControl/bus_voltage_sensor.o
                0x08007108                VBS_GetAvBusVoltage_V
 .text.Circle_Limitation
                0x08007114       0x5c ./Middlewares/MotorControl/circle_limitation.o
                0x08007114                Circle_Limitation
 .text.MCPA_dataLog
                0x08007170      0x180 ./Middlewares/MotorControl/mcpa.o
                0x08007170                MCPA_dataLog
 .text.MCPA_flushDataLog
                0x080072f0       0x5c ./Middlewares/MotorControl/mcpa.o
                0x080072f0                MCPA_flushDataLog
 .text.MCPA_cfgLog
                0x0800734c       0xf4 ./Middlewares/MotorControl/mcpa.o
                0x0800734c                MCPA_cfgLog
 .text.NTC_SetFaultState
                0x08007440       0x2c ./Middlewares/MotorControl/ntc_temperature_sensor.o
                0x08007440                NTC_SetFaultState
 .text.NTC_Init
                0x0800746c       0x24 ./Middlewares/MotorControl/ntc_temperature_sensor.o
                0x0800746c                NTC_Init
 .text.NTC_CalcAvTemp
                0x08007490       0x30 ./Middlewares/MotorControl/ntc_temperature_sensor.o
                0x08007490                NTC_CalcAvTemp
 .text.NTC_GetAvTemp_C
                0x080074c0       0x24 ./Middlewares/MotorControl/ntc_temperature_sensor.o
                0x080074c0                NTC_GetAvTemp_C
 .text.OL_Init  0x080074e4        0x8 ./Middlewares/MotorControl/open_loop.o
                0x080074e4                OL_Init
 .text.OL_VqdConditioning
                0x080074ec        0x8 ./Middlewares/MotorControl/open_loop.o
                0x080074ec                OL_VqdConditioning
 .text.OL_Calc  0x080074f4       0x24 ./Middlewares/MotorControl/open_loop.o
                0x080074f4                OL_Calc
 .text.PID_HandleInit
                0x08007518       0x10 ./Middlewares/MotorControl/pid_regulator.o
                0x08007518                PID_HandleInit
 .text.PID_SetKP
                0x08007528        0x4 ./Middlewares/MotorControl/pid_regulator.o
                0x08007528                PID_SetKP
 .text.PID_SetKI
                0x0800752c        0x4 ./Middlewares/MotorControl/pid_regulator.o
                0x0800752c                PID_SetKI
 .text.PID_GetKP
                0x08007530        0x8 ./Middlewares/MotorControl/pid_regulator.o
                0x08007530                PID_GetKP
 .text.PID_GetKI
                0x08007538        0x8 ./Middlewares/MotorControl/pid_regulator.o
                0x08007538                PID_GetKI
 .text.PID_SetIntegralTerm
                0x08007540        0x4 ./Middlewares/MotorControl/pid_regulator.o
                0x08007540                PID_SetIntegralTerm
 .text.PID_GetKPDivisorPOW2
                0x08007544        0x4 ./Middlewares/MotorControl/pid_regulator.o
                0x08007544                PID_GetKPDivisorPOW2
 .text.PID_SetKPDivisorPOW2
                0x08007548        0xc ./Middlewares/MotorControl/pid_regulator.o
                0x08007548                PID_SetKPDivisorPOW2
 .text.PID_GetKIDivisor
                0x08007554        0x4 ./Middlewares/MotorControl/pid_regulator.o
                0x08007554                PID_GetKIDivisor
 .text.PID_GetKIDivisorPOW2
                0x08007558        0x4 ./Middlewares/MotorControl/pid_regulator.o
                0x08007558                PID_GetKIDivisorPOW2
 .text.PID_SetLowerIntegralTermLimit
                0x0800755c        0x4 ./Middlewares/MotorControl/pid_regulator.o
                0x0800755c                PID_SetLowerIntegralTermLimit
 .text.PID_SetUpperIntegralTermLimit
                0x08007560        0x4 ./Middlewares/MotorControl/pid_regulator.o
                0x08007560                PID_SetUpperIntegralTermLimit
 .text.PID_SetKIDivisorPOW2
                0x08007564       0x28 ./Middlewares/MotorControl/pid_regulator.o
                0x08007564                PID_SetKIDivisorPOW2
 .text.PID_SetKD
                0x0800758c        0x4 ./Middlewares/MotorControl/pid_regulator.o
                0x0800758c                PID_SetKD
 .text.PID_GetKD
                0x08007590        0x8 ./Middlewares/MotorControl/pid_regulator.o
                0x08007590                PID_GetKD
 .text.PID_GetKDDivisorPOW2
                0x08007598        0x4 ./Middlewares/MotorControl/pid_regulator.o
                0x08007598                PID_GetKDDivisorPOW2
 .text.PID_SetKDDivisorPOW2
                0x0800759c        0xc ./Middlewares/MotorControl/pid_regulator.o
                0x0800759c                PID_SetKDDivisorPOW2
 .text.PI_Controller
                0x080075a8       0x80 ./Middlewares/MotorControl/pid_regulator.o
                0x080075a8                PI_Controller
 .text.PQD_CalcElMotorPower
                0x08007628       0x38 ./Middlewares/MotorControl/pqd_motor_power_measurement.o
                0x08007628                PQD_CalcElMotorPower
 .text.PQD_GetAvrgElMotorPowerW
                0x08007660       0x34 ./Middlewares/MotorControl/pqd_motor_power_measurement.o
                0x08007660                PQD_GetAvrgElMotorPowerW
 .text.R3_1_GetPhaseCurrents
                0x08007694      0x178 ./Middlewares/MotorControl/r3_1_g4xx_pwm_curr_fdbk.o
                0x08007694                R3_1_GetPhaseCurrents
 .text.R3_1_SetADCSampPointPolarization
                0x0800780c       0x44 ./Middlewares/MotorControl/r3_1_g4xx_pwm_curr_fdbk.o
                0x0800780c                R3_1_SetADCSampPointPolarization
 .text.R3_1_HFCurrentsPolarizationAB
                0x08007850       0x50 ./Middlewares/MotorControl/r3_1_g4xx_pwm_curr_fdbk.o
 .text.R3_1_HFCurrentsPolarizationC
                0x080078a0       0x48 ./Middlewares/MotorControl/r3_1_g4xx_pwm_curr_fdbk.o
 .text.R3_1_SwitchOnPWM
                0x080078e8       0x94 ./Middlewares/MotorControl/r3_1_g4xx_pwm_curr_fdbk.o
                0x080078e8                R3_1_SwitchOnPWM
 .text.R3_1_SwitchOffPWM
                0x0800797c       0x7c ./Middlewares/MotorControl/r3_1_g4xx_pwm_curr_fdbk.o
                0x0800797c                R3_1_SwitchOffPWM
 .text.R3_1_RLGetPhaseCurrents
                0x080079f8       0x4c ./Middlewares/MotorControl/r3_1_g4xx_pwm_curr_fdbk.o
 .text.R3_1_RLSwitchOnPWM
                0x08007a44       0x98 ./Middlewares/MotorControl/r3_1_g4xx_pwm_curr_fdbk.o
 .text.R3_1_TurnOnLowSides
                0x08007adc       0x54 ./Middlewares/MotorControl/r3_1_g4xx_pwm_curr_fdbk.o
                0x08007adc                R3_1_TurnOnLowSides
 .text.R3_1_SetAOReferenceVoltage
                0x08007b30       0x98 ./Middlewares/MotorControl/r3_1_g4xx_pwm_curr_fdbk.o
 .text.R3_1_RLTurnOnLowSides
                0x08007bc8       0x50 ./Middlewares/MotorControl/r3_1_g4xx_pwm_curr_fdbk.o
 .text.R3_1_Init
                0x08007c18      0x30c ./Middlewares/MotorControl/r3_1_g4xx_pwm_curr_fdbk.o
                0x08007c18                R3_1_Init
 .text.R3_1_SetOffsetCalib
                0x08007f24       0x1c ./Middlewares/MotorControl/r3_1_g4xx_pwm_curr_fdbk.o
                0x08007f24                R3_1_SetOffsetCalib
 .text.R3_1_GetOffsetCalib
                0x08007f40       0x10 ./Middlewares/MotorControl/r3_1_g4xx_pwm_curr_fdbk.o
                0x08007f40                R3_1_GetOffsetCalib
 .text.R3_1_CurrentReadingPolarization
                0x08007f50      0x13c ./Middlewares/MotorControl/r3_1_g4xx_pwm_curr_fdbk.o
                0x08007f50                R3_1_CurrentReadingPolarization
 .text.R3_1_SetADCSampPointSectX
                0x0800808c       0x8c ./Middlewares/MotorControl/r3_1_g4xx_pwm_curr_fdbk.o
                0x0800808c                R3_1_SetADCSampPointSectX
 .text.R3_1_TIMx_UP_IRQHandler
                0x08008118       0x74 ./Middlewares/MotorControl/r3_1_g4xx_pwm_curr_fdbk.o
                0x08008118                R3_1_TIMx_UP_IRQHandler
 .text.R3_1_RLDetectionModeEnable
                0x0800818c       0xd8 ./Middlewares/MotorControl/r3_1_g4xx_pwm_curr_fdbk.o
                0x0800818c                R3_1_RLDetectionModeEnable
 .text.R3_1_RLDetectionModeDisable
                0x08008264      0x12c ./Middlewares/MotorControl/r3_1_g4xx_pwm_curr_fdbk.o
                0x08008264                R3_1_RLDetectionModeDisable
 .text.R3_1_RLDetectionModeSetDuty
                0x08008390       0x84 ./Middlewares/MotorControl/r3_1_g4xx_pwm_curr_fdbk.o
                0x08008390                R3_1_RLDetectionModeSetDuty
 .text.R3_1_RLTurnOnLowSidesAndStart
                0x08008414       0x80 ./Middlewares/MotorControl/r3_1_g4xx_pwm_curr_fdbk.o
                0x08008414                R3_1_RLTurnOnLowSidesAndStart
 .text.RVBS_Clear
                0x08008494       0x3c ./Middlewares/MotorControl/r_divider_bus_voltage_sensor.o
                0x08008494                RVBS_Clear
 .text.RVBS_Init
                0x080084d0        0x8 ./Middlewares/MotorControl/r_divider_bus_voltage_sensor.o
                0x080084d0                RVBS_Init
 .text.RVBS_CheckFaultState
                0x080084d8       0x50 ./Middlewares/MotorControl/r_divider_bus_voltage_sensor.o
                0x080084d8                RVBS_CheckFaultState
 .text.RVBS_CalcAvVbus
                0x08008528       0x5c ./Middlewares/MotorControl/r_divider_bus_voltage_sensor.o
                0x08008528                RVBS_CalcAvVbus
 .text.REMNG_Init
                0x08008584       0x10 ./Middlewares/MotorControl/ramp_ext_mngr.o
                0x08008584                REMNG_Init
 .text.REMNG_Calc
                0x08008594       0x44 ./Middlewares/MotorControl/ramp_ext_mngr.o
                0x08008594                REMNG_Calc
 .text.REMNG_RampCompleted
                0x080085d8        0xc ./Middlewares/MotorControl/ramp_ext_mngr.o
                0x080085d8                REMNG_RampCompleted
 .text.getScalingFactor
                0x080085e4       0x38 ./Middlewares/MotorControl/ramp_ext_mngr.o
                0x080085e4                getScalingFactor
 .text.REMNG_ExecRamp
                0x0800861c       0x8c ./Middlewares/MotorControl/ramp_ext_mngr.o
                0x0800861c                REMNG_ExecRamp
 .text.RUC_Init
                0x080086a8       0x7c ./Middlewares/MotorControl/revup_ctrl.o
                0x080086a8                RUC_Init
 .text.RUC_Clear
                0x08008724       0x98 ./Middlewares/MotorControl/revup_ctrl.o
                0x08008724                RUC_Clear
 .text.RUC_Exec
                0x080087bc       0x6c ./Middlewares/MotorControl/revup_ctrl.o
                0x080087bc                RUC_Exec
 .text.RUC_FirstAccelerationStageReached
                0x08008828       0x14 ./Middlewares/MotorControl/revup_ctrl.o
                0x08008828                RUC_FirstAccelerationStageReached
 .text.SPD_GetAvrgMecSpeedUnit
                0x0800883c        0x8 ./Middlewares/MotorControl/speed_pos_fdbk.o
                0x0800883c                SPD_GetAvrgMecSpeedUnit
 .text.SPD_IsMecSpeedReliable
                0x08008844       0x6c ./Middlewares/MotorControl/speed_pos_fdbk.o
                0x08008844                SPD_IsMecSpeedReliable
 .text.SPD_GetS16Speed
                0x080088b0       0x14 ./Middlewares/MotorControl/speed_pos_fdbk.o
                0x080088b0                SPD_GetS16Speed
 .text.STC_Init
                0x080088c4       0x2c ./Middlewares/MotorControl/speed_torq_ctrl.o
                0x080088c4                STC_Init
 .text.STC_SetSpeedSensor
                0x080088f0        0x4 ./Middlewares/MotorControl/speed_torq_ctrl.o
                0x080088f0                STC_SetSpeedSensor
 .text.STC_Clear
                0x080088f4       0x10 ./Middlewares/MotorControl/speed_torq_ctrl.o
                0x080088f4                STC_Clear
 .text.STC_GetMecSpeedRefUnit
                0x08008904        0x8 ./Middlewares/MotorControl/speed_torq_ctrl.o
                0x08008904                STC_GetMecSpeedRefUnit
 .text.STC_SetControlMode
                0x0800890c        0x8 ./Middlewares/MotorControl/speed_torq_ctrl.o
                0x0800890c                STC_SetControlMode
 .text.STC_ExecRamp
                0x08008914       0x90 ./Middlewares/MotorControl/speed_torq_ctrl.o
                0x08008914                STC_ExecRamp
 .text.STC_CalcTorqueReference
                0x080089a4       0x6c ./Middlewares/MotorControl/speed_torq_ctrl.o
                0x080089a4                STC_CalcTorqueReference
 .text.STC_GetMecSpeedRefUnitDefault
                0x08008a10        0x8 ./Middlewares/MotorControl/speed_torq_ctrl.o
                0x08008a10                STC_GetMecSpeedRefUnitDefault
 .text.STC_GetDefaultIqdref
                0x08008a18       0x1c ./Middlewares/MotorControl/speed_torq_ctrl.o
                0x08008a18                STC_GetDefaultIqdref
 .text.STC_ForceSpeedReferenceToCurrentSpeed
                0x08008a34       0x10 ./Middlewares/MotorControl/speed_torq_ctrl.o
                0x08008a34                STC_ForceSpeedReferenceToCurrentSpeed
 .text.STO_PLL_CalcElAngle
                0x08008a44      0x1e4 ./Middlewares/MotorControl/sto_pll_speed_pos_fdbk.o
                0x08008a44                STO_PLL_CalcElAngle
 .text.STO_PLL_CalcAvrgMecSpeedUnit
                0x08008c28      0x140 ./Middlewares/MotorControl/sto_pll_speed_pos_fdbk.o
                0x08008c28                STO_PLL_CalcAvrgMecSpeedUnit
 .text.STO_PLL_CalcAvrgElSpeedDpp
                0x08008d68       0x58 ./Middlewares/MotorControl/sto_pll_speed_pos_fdbk.o
                0x08008d68                STO_PLL_CalcAvrgElSpeedDpp
 .text.STO_PLL_Clear
                0x08008dc0       0x4c ./Middlewares/MotorControl/sto_pll_speed_pos_fdbk.o
                0x08008dc0                STO_PLL_Clear
 .text.STO_PLL_Init
                0x08008e0c       0x74 ./Middlewares/MotorControl/sto_pll_speed_pos_fdbk.o
                0x08008e0c                STO_PLL_Init
 .text.STO_PLL_IsObserverConverged
                0x08008e80       0xcc ./Middlewares/MotorControl/sto_pll_speed_pos_fdbk.o
                0x08008e80                STO_PLL_IsObserverConverged
 .text.STO_PLL_GetEstimatedBemf
                0x08008f4c       0x18 ./Middlewares/MotorControl/sto_pll_speed_pos_fdbk.o
                0x08008f4c                STO_PLL_GetEstimatedBemf
 .text.STO_PLL_GetEstimatedCurrent
                0x08008f64       0x24 ./Middlewares/MotorControl/sto_pll_speed_pos_fdbk.o
                0x08008f64                STO_PLL_GetEstimatedCurrent
 .text.STO_PLL_GetObserverGains
                0x08008f88       0x10 ./Middlewares/MotorControl/sto_pll_speed_pos_fdbk.o
                0x08008f88                STO_PLL_GetObserverGains
 .text.STO_PLL_SetObserverGains
                0x08008f98        0x8 ./Middlewares/MotorControl/sto_pll_speed_pos_fdbk.o
                0x08008f98                STO_PLL_SetObserverGains
 .text.STO_OTF_ResetPLL
                0x08008fa0        0xc ./Middlewares/MotorControl/sto_pll_speed_pos_fdbk.o
                0x08008fa0                STO_OTF_ResetPLL
 .text.STO_PLL_IsVarianceTight
                0x08008fac        0x8 ./Middlewares/MotorControl/sto_pll_speed_pos_fdbk.o
                0x08008fac                STO_PLL_IsVarianceTight
 .text.STO_PLL_ForceConvergency1
                0x08008fb4        0xc ./Middlewares/MotorControl/sto_pll_speed_pos_fdbk.o
                0x08008fb4                STO_PLL_ForceConvergency1
 .text.STO_PLL_ForceConvergency2
                0x08008fc0        0xc ./Middlewares/MotorControl/sto_pll_speed_pos_fdbk.o
                0x08008fc0                STO_PLL_ForceConvergency2
 .text.STO_SetDirection
                0x08008fcc        0x8 ./Middlewares/MotorControl/sto_pll_speed_pos_fdbk.o
                0x08008fcc                STO_SetDirection
 .text.VSS_Clear
                0x08008fd4       0x1c ./Middlewares/MotorControl/virtual_speed_sensor.o
                0x08008fd4                VSS_Clear
 .text.VSS_Init
                0x08008ff0        0x8 ./Middlewares/MotorControl/virtual_speed_sensor.o
                0x08008ff0                VSS_Init
 .text.VSS_CalcElAngle
                0x08008ff8       0xa4 ./Middlewares/MotorControl/virtual_speed_sensor.o
                0x08008ff8                VSS_CalcElAngle
 .text.VSS_CalcAvrgMecSpeedUnit
                0x0800909c       0xa4 ./Middlewares/MotorControl/virtual_speed_sensor.o
                0x0800909c                VSS_CalcAvrgMecSpeedUnit
 .text.VSS_SetMecAcceleration
                0x08009140       0x78 ./Middlewares/MotorControl/virtual_speed_sensor.o
                0x08009140                VSS_SetMecAcceleration
 .text.VSS_SetStartTransition
                0x080091b8       0x1c ./Middlewares/MotorControl/virtual_speed_sensor.o
                0x080091b8                VSS_SetStartTransition
 .text.VSS_TransitionEnded
                0x080091d4        0x8 ./Middlewares/MotorControl/virtual_speed_sensor.o
                0x080091d4                VSS_TransitionEnded
 .text.memset   0x080091dc       0x10 C:/ST/STM32CubeIDE_1.16.0/STM32CubeIDE/plugins/com.st.stm32cube.ide.mcu.externaltools.gnu-tools-for-stm32.12.3.rel1.win32_1.0.200.202406191623/tools/bin/../lib/gcc/arm-none-eabi/12.3.1/../../../../arm-none-eabi/lib/thumb/v7e-m+fp/hard\libc_nano.a(libc_a-memset.o)
                0x080091dc                memset
 .text.__libc_init_array
                0x080091ec       0x48 C:/ST/STM32CubeIDE_1.16.0/STM32CubeIDE/plugins/com.st.stm32cube.ide.mcu.externaltools.gnu-tools-for-stm32.12.3.rel1.win32_1.0.200.202406191623/tools/bin/../lib/gcc/arm-none-eabi/12.3.1/../../../../arm-none-eabi/lib/thumb/v7e-m+fp/hard\libc_nano.a(libc_a-init.o)
                0x080091ec                __libc_init_array
 .text.memcpy   0x08009234       0x1c C:/ST/STM32CubeIDE_1.16.0/STM32CubeIDE/plugins/com.st.stm32cube.ide.mcu.externaltools.gnu-tools-for-stm32.12.3.rel1.win32_1.0.200.202406191623/tools/bin/../lib/gcc/arm-none-eabi/12.3.1/../../../../arm-none-eabi/lib/thumb/v7e-m+fp/hard\libc_nano.a(libc_a-memcpy-stub.o)
                0x08009234                memcpy
 *(.glue_7)
 .glue_7        0x08009250        0x0 linker stubs
 *(.glue_7t)
 .glue_7t       0x08009250        0x0 linker stubs
 *(.eh_frame)
 .eh_frame      0x08009250        0x0 C:/ST/STM32CubeIDE_1.16.0/STM32CubeIDE/plugins/com.st.stm32cube.ide.mcu.externaltools.gnu-tools-for-stm32.12.3.rel1.win32_1.0.200.202406191623/tools/bin/../lib/gcc/arm-none-eabi/12.3.1/thumb/v7e-m+fp/hard/crtbegin.o
 *(.init)
 .init          0x08009250        0x4 C:/ST/STM32CubeIDE_1.16.0/STM32CubeIDE/plugins/com.st.stm32cube.ide.mcu.externaltools.gnu-tools-for-stm32.12.3.rel1.win32_1.0.200.202406191623/tools/bin/../lib/gcc/arm-none-eabi/12.3.1/thumb/v7e-m+fp/hard/crti.o
                0x08009250                _init
 .init          0x08009254        0x8 C:/ST/STM32CubeIDE_1.16.0/STM32CubeIDE/plugins/com.st.stm32cube.ide.mcu.externaltools.gnu-tools-for-stm32.12.3.rel1.win32_1.0.200.202406191623/tools/bin/../lib/gcc/arm-none-eabi/12.3.1/thumb/v7e-m+fp/hard/crtn.o
 *(.fini)
 .fini          0x0800925c        0x4 C:/ST/STM32CubeIDE_1.16.0/STM32CubeIDE/plugins/com.st.stm32cube.ide.mcu.externaltools.gnu-tools-for-stm32.12.3.rel1.win32_1.0.200.202406191623/tools/bin/../lib/gcc/arm-none-eabi/12.3.1/thumb/v7e-m+fp/hard/crti.o
                0x0800925c                _fini
 .fini          0x08009260        0x8 C:/ST/STM32CubeIDE_1.16.0/STM32CubeIDE/plugins/com.st.stm32cube.ide.mcu.externaltools.gnu-tools-for-stm32.12.3.rel1.win32_1.0.200.202406191623/tools/bin/../lib/gcc/arm-none-eabi/12.3.1/thumb/v7e-m+fp/hard/crtn.o
                0x08009268                        . = ALIGN (0x4)
                0x08009268                        _etext = .

.vfp11_veneer   0x08009268        0x0
 .vfp11_veneer  0x08009268        0x0 linker stubs

.v4_bx          0x08009268        0x0
 .v4_bx         0x08009268        0x0 linker stubs

.iplt           0x08009268        0x0
 .iplt          0x08009268        0x0 C:/ST/STM32CubeIDE_1.16.0/STM32CubeIDE/plugins/com.st.stm32cube.ide.mcu.externaltools.gnu-tools-for-stm32.12.3.rel1.win32_1.0.200.202406191623/tools/bin/../lib/gcc/arm-none-eabi/12.3.1/thumb/v7e-m+fp/hard/crtbegin.o

.rodata         0x08009268      0x378
                0x08009268                        . = ALIGN (0x4)
 *(.rodata)
 *(.rodata*)
 .rodata.CRC4_Lookup4
                0x08009268       0x10 ./Application/User/aspep.o
 .rodata.CRC4_Lookup8
                0x08009278      0x100 ./Application/User/aspep.o
 .rodata.M1_FOCConfig_reg
                0x08009378        0xe ./Application/User/mc_configuration_registers.o
 *fill*         0x08009386        0x2 
 .rodata.M1_MotorConfig_reg
                0x08009388       0x3c ./Application/User/mc_configuration_registers.o
 .rodata.M1_ApplicationConfig_reg
                0x080093c4       0x10 ./Application/User/mc_configuration_registers.o
 .rodata.globalConfig_reg
                0x080093d4        0xa ./Application/User/mc_configuration_registers.o
                0x080093d4                globalConfig_reg
 *fill*         0x080093de        0x2 
 .rodata.FIRMWARE_NAME
                0x080093e0       0x14 ./Application/User/mc_configuration_registers.o
                0x080093e0                FIRMWARE_NAME
 .rodata.M1_PWR_BOARD
                0x080093f4       0x11 ./Application/User/mc_configuration_registers.o
 *fill*         0x08009405        0x3 
 .rodata.CTL_BOARD
                0x08009408        0xe ./Application/User/mc_configuration_registers.o
                0x08009408                CTL_BOARD
 *fill*         0x08009416        0x2 
 .rodata.R3_1_ParamsM1
                0x08009418       0x6c ./Application/User/mc_parameters.o
                0x08009418                R3_1_ParamsM1
 .rodata.CSWTCH.51
                0x08009484       0x11 ./Application/User/register_interface.o
 *fill*         0x08009495        0x3 
 .rodata.CHANNEL_OFFSET_TAB
                0x08009498        0x6 ./Application/User/usart_aspep_driver.o
 *fill*         0x0800949e        0x2 
 .rodata.APBPrescTable
                0x080094a0        0x8 ./Drivers/CMSIS/system_stm32g4xx.o
                0x080094a0                APBPrescTable
 .rodata.AHBPrescTable
                0x080094a8       0x10 ./Drivers/CMSIS/system_stm32g4xx.o
                0x080094a8                AHBPrescTable
 .rodata.CSWTCH.115
                0x080094b8       0x40 ./Drivers/STM32G4xx_HAL_Driver/stm32g4xx_hal_tim_ex.o
 .rodata.CSWTCH.114
                0x080094f8       0x40 ./Drivers/STM32G4xx_HAL_Driver/stm32g4xx_hal_tim_ex.o
 .rodata.CSWTCH.113
                0x08009538       0x40 ./Drivers/STM32G4xx_HAL_Driver/stm32g4xx_hal_tim_ex.o
 .rodata.CSWTCH.112
                0x08009578       0x40 ./Drivers/STM32G4xx_HAL_Driver/stm32g4xx_hal_tim_ex.o
 .rodata.UARTPrescTable
                0x080095b8       0x18 ./Drivers/STM32G4xx_HAL_Driver/stm32g4xx_hal_uart.o
                0x080095b8                UARTPrescTable
 .rodata.denominator.0
                0x080095d0        0x8 ./Drivers/STM32G4xx_HAL_Driver/stm32g4xx_hal_uart_ex.o
 .rodata.numerator.1
                0x080095d8        0x8 ./Drivers/STM32G4xx_HAL_Driver/stm32g4xx_hal_uart_ex.o
                0x080095e0                        . = ALIGN (0x4)

.ARM.extab      0x080095e0        0x0
                0x080095e0                        . = ALIGN (0x4)
 *(.ARM.extab* .gnu.linkonce.armextab.*)
                0x080095e0                        . = ALIGN (0x4)

.ARM            0x080095e0        0x8
                0x080095e0                        . = ALIGN (0x4)
                0x080095e0                        __exidx_start = .
 *(.ARM.exidx*)
 .ARM.exidx     0x080095e0        0x8 C:/ST/STM32CubeIDE_1.16.0/STM32CubeIDE/plugins/com.st.stm32cube.ide.mcu.externaltools.gnu-tools-for-stm32.12.3.rel1.win32_1.0.200.202406191623/tools/bin/../lib/gcc/arm-none-eabi/12.3.1/thumb/v7e-m+fp/hard\libgcc.a(_udivmoddi4.o)
                0x080095e8                        __exidx_end = .
                0x080095e8                        . = ALIGN (0x4)

.preinit_array  0x080095e8        0x0
                0x080095e8                        . = ALIGN (0x4)
                0x080095e8                        PROVIDE (__preinit_array_start = .)
 *(.preinit_array*)
                0x080095e8                        PROVIDE (__preinit_array_end = .)
                0x080095e8                        . = ALIGN (0x4)

.init_array     0x080095e8        0x4
                0x080095e8                        . = ALIGN (0x4)
                0x080095e8                        PROVIDE (__init_array_start = .)
 *(SORT_BY_NAME(.init_array.*))
 *(.init_array*)
 .init_array    0x080095e8        0x4 C:/ST/STM32CubeIDE_1.16.0/STM32CubeIDE/plugins/com.st.stm32cube.ide.mcu.externaltools.gnu-tools-for-stm32.12.3.rel1.win32_1.0.200.202406191623/tools/bin/../lib/gcc/arm-none-eabi/12.3.1/thumb/v7e-m+fp/hard/crtbegin.o
                0x080095ec                        PROVIDE (__init_array_end = .)
                0x080095ec                        . = ALIGN (0x4)

.fini_array     0x080095ec        0x4
                0x080095ec                        . = ALIGN (0x4)
                [!provide]                        PROVIDE (__fini_array_start = .)
 *(SORT_BY_NAME(.fini_array.*))
 *(.fini_array*)
 .fini_array    0x080095ec        0x4 C:/ST/STM32CubeIDE_1.16.0/STM32CubeIDE/plugins/com.st.stm32cube.ide.mcu.externaltools.gnu-tools-for-stm32.12.3.rel1.win32_1.0.200.202406191623/tools/bin/../lib/gcc/arm-none-eabi/12.3.1/thumb/v7e-m+fp/hard/crtbegin.o
                [!provide]                        PROVIDE (__fini_array_end = .)
                0x080095f0                        . = ALIGN (0x4)
                0x080095f0                        _sidata = LOADADDR (.data)

.rel.dyn        0x080095f0        0x0
 .rel.iplt      0x080095f0        0x0 C:/ST/STM32CubeIDE_1.16.0/STM32CubeIDE/plugins/com.st.stm32cube.ide.mcu.externaltools.gnu-tools-for-stm32.12.3.rel1.win32_1.0.200.202406191623/tools/bin/../lib/gcc/arm-none-eabi/12.3.1/thumb/v7e-m+fp/hard/crtbegin.o

.data           0x20000000      0x50c load address 0x080095f0
                0x20000000                        . = ALIGN (0x4)
                0x20000000                        _sdata = .
 *(.data)
 *(.data*)
 .data.Mci      0x20000000       0x2c ./Application/User/mc_config.o
                0x20000000                Mci
 .data.pMPM     0x2000002c        0x4 ./Application/User/mc_config.o
                0x2000002c                pMPM
 .data.pPIDId   0x20000030        0x4 ./Application/User/mc_config.o
                0x20000030                pPIDId
 .data.pPIDIq   0x20000034        0x4 ./Application/User/mc_config.o
                0x20000034                pPIDIq
 .data.pSTC     0x20000038        0x4 ./Application/User/mc_config.o
                0x20000038                pSTC
 .data.CircleLimitationM1
                0x2000003c        0x4 ./Application/User/mc_config.o
                0x2000003c                CircleLimitationM1
 .data.RampExtMngrHFParamsM1
                0x20000040       0x18 ./Application/User/mc_config.o
                0x20000040                RampExtMngrHFParamsM1
 .data.OpenLoop_ParamsM1
                0x20000058       0x10 ./Application/User/mc_config.o
                0x20000058                OpenLoop_ParamsM1
 .data.STO_M1   0x20000068       0x14 ./Application/User/mc_config.o
                0x20000068                STO_M1
 .data.STO_PLL_M1
                0x2000007c      0x128 ./Application/User/mc_config.o
                0x2000007c                STO_PLL_M1
 .data.PWM_Handle_M1
                0x200001a4       0xa4 ./Application/User/mc_config.o
                0x200001a4                PWM_Handle_M1
 .data.RevUpControlM1
                0x20000248       0x78 ./Application/User/mc_config.o
                0x20000248                RevUpControlM1
 .data.SpeednTorqCtrlM1
                0x200002c0       0x34 ./Application/User/mc_config.o
                0x200002c0                SpeednTorqCtrlM1
 .data.PIDIdHandle_M1
                0x200002f4       0x2c ./Application/User/mc_config.o
                0x200002f4                PIDIdHandle_M1
 .data.PIDIqHandle_M1
                0x20000320       0x2c ./Application/User/mc_config.o
                0x20000320                PIDIqHandle_M1
 .data.PIDSpeedHandle_M1
                0x2000034c       0x2c ./Application/User/mc_config.o
                0x2000034c                PIDSpeedHandle_M1
 .data.PQD_MotorPowMeasM1
                0x20000378       0x10 ./Application/User/mc_config.o
                0x20000378                PQD_MotorPowMeasM1
 .data.BusVoltageSensor_M1
                0x20000388       0x1c ./Application/User/mc_config_common.o
                0x20000388                BusVoltageSensor_M1
 .data.VbusRegConv_M1
                0x200003a4       0x10 ./Application/User/mc_config_common.o
                0x200003a4                VbusRegConv_M1
 .data.TempSensor_M1
                0x200003b4       0x1c ./Application/User/mc_config_common.o
                0x200003b4                TempSensor_M1
 .data.TempRegConv_M1
                0x200003d0       0x10 ./Application/User/mc_config_common.o
                0x200003d0                TempRegConv_M1
 .data.VirtualSpeedSensorM1
                0x200003e0       0x38 ./Application/User/mc_config_common.o
                0x200003e0                VirtualSpeedSensorM1
 .data.ApplicationConfig_reg
                0x20000418        0x4 ./Application/User/mc_configuration_registers.o
                0x20000418                ApplicationConfig_reg
 .data.MotorConfig_reg
                0x2000041c        0x4 ./Application/User/mc_configuration_registers.o
                0x2000041c                MotorConfig_reg
 .data.FOCConfig_reg
                0x20000420        0x4 ./Application/User/mc_configuration_registers.o
                0x20000420                FOCConfig_reg
 .data.PWR_BOARD_NAME
                0x20000424        0x4 ./Application/User/mc_configuration_registers.o
                0x20000424                PWR_BOARD_NAME
 .data.scaleParams_M1
                0x20000428       0x10 ./Application/User/mc_parameters.o
                0x20000428                scaleParams_M1
 .data.MCPA_UART_A
                0x20000438       0x2c ./Application/User/mcp_config.o
                0x20000438                MCPA_UART_A
 .data.MCP_Over_UartA
                0x20000464       0x10 ./Application/User/mcp_config.o
                0x20000464                MCP_Over_UartA
 .data.aspepOverUartA
                0x20000474       0x74 ./Application/User/mcp_config.o
                0x20000474                aspepOverUartA
 .data.UASPEP_A
                0x200004e8       0x14 ./Application/User/mcp_config.o
 .data.SystickDividerCounter.0
                0x200004fc        0x1 ./Application/User/stm32_mc_common_it.o
 *fill*         0x200004fd        0x3 
 .data.SystemCoreClock
                0x20000500        0x4 ./Drivers/CMSIS/system_stm32g4xx.o
                0x20000500                SystemCoreClock
 .data.uwTickFreq
                0x20000504        0x4 ./Drivers/STM32G4xx_HAL_Driver/stm32g4xx_hal.o
                0x20000504                uwTickFreq
 .data.uwTickPrio
                0x20000508        0x4 ./Drivers/STM32G4xx_HAL_Driver/stm32g4xx_hal.o
                0x20000508                uwTickPrio
 *(.RamFunc)
 *(.RamFunc*)
                0x2000050c                        . = ALIGN (0x4)
                0x2000050c                        _edata = .

.igot.plt       0x2000050c        0x0 load address 0x08009afc
 .igot.plt      0x2000050c        0x0 C:/ST/STM32CubeIDE_1.16.0/STM32CubeIDE/plugins/com.st.stm32cube.ide.mcu.externaltools.gnu-tools-for-stm32.12.3.rel1.win32_1.0.200.202406191623/tools/bin/../lib/gcc/arm-none-eabi/12.3.1/thumb/v7e-m+fp/hard/crtbegin.o
                0x2000050c                        . = ALIGN (0x4)

.bss            0x2000050c     0x1488 load address 0x08009afc
                0x2000050c                        _sbss = .
                0x2000050c                        __bss_start__ = _sbss
 *(.bss)
 .bss           0x2000050c       0x1c C:/ST/STM32CubeIDE_1.16.0/STM32CubeIDE/plugins/com.st.stm32cube.ide.mcu.externaltools.gnu-tools-for-stm32.12.3.rel1.win32_1.0.200.202406191623/tools/bin/../lib/gcc/arm-none-eabi/12.3.1/thumb/v7e-m+fp/hard/crtbegin.o
 *(.bss*)
 .bss.hdma_usart2_tx
                0x20000528       0x60 ./Application/User/main.o
                0x20000528                hdma_usart2_tx
 .bss.hdma_usart2_rx
                0x20000588       0x60 ./Application/User/main.o
                0x20000588                hdma_usart2_rx
 .bss.huart2    0x200005e8       0x94 ./Application/User/main.o
                0x200005e8                huart2
 .bss.htim1     0x2000067c       0x4c ./Application/User/main.o
                0x2000067c                htim1
 .bss.hcordic   0x200006c8       0x28 ./Application/User/main.o
                0x200006c8                hcordic
 .bss.hadc1     0x200006f0       0x6c ./Application/User/main.o
                0x200006f0                hadc1
 .bss.pREMNG    0x2000075c        0x4 ./Application/User/mc_config.o
                0x2000075c                pREMNG
 .bss.FOCVars   0x20000760       0x26 ./Application/User/mc_config.o
                0x20000760                FOCVars
 *fill*         0x20000786        0x2 
 .bss.pwmcHandle
                0x20000788        0x4 ./Application/User/mc_config_common.o
                0x20000788                pwmcHandle
 .bss.RealBusVoltageSensorFilterBufferM1
                0x2000078c        0xc ./Application/User/mc_config_common.o
 .bss.bMCBootCompleted
                0x20000798        0x1 ./Application/User/mc_tasks.o
 *fill*         0x20000799        0x1 
 .bss.hStopPermanencyCounterM1
                0x2000079a        0x2 ./Application/User/mc_tasks.o
 .bss.hBootCapDelayCounterM1
                0x2000079c        0x2 ./Application/User/mc_tasks.o
 .bss.hMFTaskCounterM1
                0x2000079e        0x2 ./Application/User/mc_tasks.o
 .bss.pOpenLoop
                0x200007a0        0x4 ./Application/User/mc_tasks_foc.o
                0x200007a0                pOpenLoop
 .bss.MCP_UserCallBack
                0x200007a4        0x8 ./Application/User/mcp_config.o
                0x200007a4                MCP_UserCallBack
 .bss.dataSizeTableBuffA
                0x200007ac        0xa ./Application/User/mcp_config.o
 *fill*         0x200007b6        0x2 
 .bss.dataSizeTableA
                0x200007b8        0xa ./Application/User/mcp_config.o
 *fill*         0x200007c2        0x2 
 .bss.dataPtrTableBuffA
                0x200007c4       0x28 ./Application/User/mcp_config.o
 .bss.dataPtrTableA
                0x200007ec       0x28 ./Application/User/mcp_config.o
 .bss.MCPAsyncBuffUARTA_B
                0x20000814      0x806 ./Application/User/mcp_config.o
 *fill*         0x2000101a        0x2 
 .bss.MCPAsyncBuffUARTA_A
                0x2000101c      0x806 ./Application/User/mcp_config.o
 *fill*         0x20001822        0x2 
 .bss.MCPSyncRXBuff
                0x20001824       0x82 ./Application/User/mcp_config.o
 *fill*         0x200018a6        0x2 
 .bss.MCPSyncTxBuff
                0x200018a8       0x86 ./Application/User/mcp_config.o
 *fill*         0x2000192e        0x2 
 .bss.pMCI      0x20001930        0x4 ./Application/User/motorcontrol.o
                0x20001930                pMCI
 .bss.nullData16.0
                0x20001934        0x2 ./Application/User/register_interface.o
 *fill*         0x20001936        0x2 
 .bss.RCM_UserConvHandle
                0x20001938        0x4 ./Application/User/regular_conversion_manager.o
 .bss.RCM_UserConvState
                0x2000193c        0x1 ./Application/User/regular_conversion_manager.o
 *fill*         0x2000193d        0x1 
 .bss.RCM_UserConvValue
                0x2000193e        0x2 ./Application/User/regular_conversion_manager.o
 .bss.RCM_currentHandle
                0x20001940        0x1 ./Application/User/regular_conversion_manager.o
 *fill*         0x20001941        0x3 
 .bss.RCM_NoInj_array
                0x20001944       0x18 ./Application/User/regular_conversion_manager.o
 .bss.RCM_CB_array
                0x2000195c       0x20 ./Application/User/regular_conversion_manager.o
 .bss.RCM_handle_array
                0x2000197c       0x10 ./Application/User/regular_conversion_manager.o
 .bss.uwTick    0x2000198c        0x4 ./Drivers/STM32G4xx_HAL_Driver/stm32g4xx_hal.o
                0x2000198c                uwTick
 .bss.GLOBAL_TIMESTAMP
                0x20001990        0x4 ./Middlewares/MotorControl/mcpa.o
                0x20001990                GLOBAL_TIMESTAMP
 *(COMMON)
                0x20001994                        . = ALIGN (0x4)
                0x20001994                        _ebss = .
                0x20001994                        __bss_end__ = _ebss

._user_heap_stack
                0x20001994      0x604 load address 0x08009afc
                0x20001998                        . = ALIGN (0x8)
 *fill*         0x20001994        0x4 
                [!provide]                        PROVIDE (end = .)
                0x20001998                        PROVIDE (_end = .)
                0x20001b98                        . = (. + _Min_Heap_Size)
 *fill*         0x20001998      0x200 
                0x20001f98                        . = (. + _Min_Stack_Size)
 *fill*         0x20001b98      0x400 
                0x20001f98                        . = ALIGN (0x8)

/DISCARD/
 libc.a(*)
 libm.a(*)
 libgcc.a(*)

.ARM.attributes
                0x00000000       0x30
 *(.ARM.attributes)
 .ARM.attributes
                0x00000000       0x22 C:/ST/STM32CubeIDE_1.16.0/STM32CubeIDE/plugins/com.st.stm32cube.ide.mcu.externaltools.gnu-tools-for-stm32.12.3.rel1.win32_1.0.200.202406191623/tools/bin/../lib/gcc/arm-none-eabi/12.3.1/thumb/v7e-m+fp/hard/crti.o
 .ARM.attributes
                0x00000022       0x34 C:/ST/STM32CubeIDE_1.16.0/STM32CubeIDE/plugins/com.st.stm32cube.ide.mcu.externaltools.gnu-tools-for-stm32.12.3.rel1.win32_1.0.200.202406191623/tools/bin/../lib/gcc/arm-none-eabi/12.3.1/thumb/v7e-m+fp/hard/crtbegin.o
 .ARM.attributes
                0x00000056       0x21 ./Application/Startup/startup_stm32g431rbtx.o
 .ARM.attributes
                0x00000077       0x30 ./Application/User/aspep.o
 .ARM.attributes
                0x000000a7       0x30 ./Application/User/main.o
 .ARM.attributes
                0x000000d7       0x30 ./Application/User/mc_api.o
 .ARM.attributes
                0x00000107       0x30 ./Application/User/mc_app_hooks.o
 .ARM.attributes
                0x00000137       0x30 ./Application/User/mc_config.o
 .ARM.attributes
                0x00000167       0x30 ./Application/User/mc_config_common.o
 .ARM.attributes
                0x00000197       0x30 ./Application/User/mc_configuration_registers.o
 .ARM.attributes
                0x000001c7       0x30 ./Application/User/mc_interface.o
 .ARM.attributes
                0x000001f7       0x30 ./Application/User/mc_math.o
 .ARM.attributes
                0x00000227       0x30 ./Application/User/mc_parameters.o
 .ARM.attributes
                0x00000257       0x30 ./Application/User/mc_tasks.o
 .ARM.attributes
                0x00000287       0x30 ./Application/User/mc_tasks_foc.o
 .ARM.attributes
                0x000002b7       0x30 ./Application/User/mcp.o
 .ARM.attributes
                0x000002e7       0x30 ./Application/User/mcp_config.o
 .ARM.attributes
                0x00000317       0x30 ./Application/User/motorcontrol.o
 .ARM.attributes
                0x00000347       0x30 ./Application/User/pwm_common.o
 .ARM.attributes
                0x00000377       0x30 ./Application/User/pwm_curr_fdbk.o
 .ARM.attributes
                0x000003a7       0x30 ./Application/User/register_interface.o
 .ARM.attributes
                0x000003d7       0x30 ./Application/User/regular_conversion_manager.o
 .ARM.attributes
                0x00000407       0x30 ./Application/User/stm32_mc_common_it.o
 .ARM.attributes
                0x00000437       0x30 ./Application/User/stm32g4xx_hal_msp.o
 .ARM.attributes
                0x00000467       0x30 ./Application/User/stm32g4xx_mc_it.o
 .ARM.attributes
                0x00000497       0x30 ./Application/User/usart_aspep_driver.o
 .ARM.attributes
                0x000004c7       0x30 ./Drivers/CMSIS/system_stm32g4xx.o
 .ARM.attributes
                0x000004f7       0x30 ./Drivers/STM32G4xx_HAL_Driver/stm32g4xx_hal.o
 .ARM.attributes
                0x00000527       0x30 ./Drivers/STM32G4xx_HAL_Driver/stm32g4xx_hal_adc.o
 .ARM.attributes
                0x00000557       0x30 ./Drivers/STM32G4xx_HAL_Driver/stm32g4xx_hal_adc_ex.o
 .ARM.attributes
                0x00000587       0x30 ./Drivers/STM32G4xx_HAL_Driver/stm32g4xx_hal_cordic.o
 .ARM.attributes
                0x000005b7       0x30 ./Drivers/STM32G4xx_HAL_Driver/stm32g4xx_hal_cortex.o
 .ARM.attributes
                0x000005e7       0x30 ./Drivers/STM32G4xx_HAL_Driver/stm32g4xx_hal_dma.o
 .ARM.attributes
                0x00000617       0x30 ./Drivers/STM32G4xx_HAL_Driver/stm32g4xx_hal_gpio.o
 .ARM.attributes
                0x00000647       0x30 ./Drivers/STM32G4xx_HAL_Driver/stm32g4xx_hal_pwr_ex.o
 .ARM.attributes
                0x00000677       0x30 ./Drivers/STM32G4xx_HAL_Driver/stm32g4xx_hal_rcc.o
 .ARM.attributes
                0x000006a7       0x30 ./Drivers/STM32G4xx_HAL_Driver/stm32g4xx_hal_rcc_ex.o
 .ARM.attributes
                0x000006d7       0x30 ./Drivers/STM32G4xx_HAL_Driver/stm32g4xx_hal_tim.o
 .ARM.attributes
                0x00000707       0x30 ./Drivers/STM32G4xx_HAL_Driver/stm32g4xx_hal_tim_ex.o
 .ARM.attributes
                0x00000737       0x30 ./Drivers/STM32G4xx_HAL_Driver/stm32g4xx_hal_uart.o
 .ARM.attributes
                0x00000767       0x30 ./Drivers/STM32G4xx_HAL_Driver/stm32g4xx_hal_uart_ex.o
 .ARM.attributes
                0x00000797       0x30 ./Middlewares/MotorControl/bus_voltage_sensor.o
 .ARM.attributes
                0x000007c7       0x30 ./Middlewares/MotorControl/circle_limitation.o
 .ARM.attributes
                0x000007f7       0x30 ./Middlewares/MotorControl/mcpa.o
 .ARM.attributes
                0x00000827       0x30 ./Middlewares/MotorControl/ntc_temperature_sensor.o
 .ARM.attributes
                0x00000857       0x30 ./Middlewares/MotorControl/open_loop.o
 .ARM.attributes
                0x00000887       0x30 ./Middlewares/MotorControl/pid_regulator.o
 .ARM.attributes
                0x000008b7       0x30 ./Middlewares/MotorControl/pqd_motor_power_measurement.o
 .ARM.attributes
                0x000008e7       0x30 ./Middlewares/MotorControl/r3_1_g4xx_pwm_curr_fdbk.o
 .ARM.attributes
                0x00000917       0x30 ./Middlewares/MotorControl/r_divider_bus_voltage_sensor.o
 .ARM.attributes
                0x00000947       0x30 ./Middlewares/MotorControl/ramp_ext_mngr.o
 .ARM.attributes
                0x00000977       0x30 ./Middlewares/MotorControl/revup_ctrl.o
 .ARM.attributes
                0x000009a7       0x30 ./Middlewares/MotorControl/speed_pos_fdbk.o
 .ARM.attributes
                0x000009d7       0x30 ./Middlewares/MotorControl/speed_torq_ctrl.o
 .ARM.attributes
                0x00000a07       0x30 ./Middlewares/MotorControl/sto_pll_speed_pos_fdbk.o
 .ARM.attributes
                0x00000a37       0x30 ./Middlewares/MotorControl/virtual_speed_sensor.o
 .ARM.attributes
                0x00000a67       0x34 C:/ST/STM32CubeIDE_1.16.0/STM32CubeIDE/plugins/com.st.stm32cube.ide.mcu.externaltools.gnu-tools-for-stm32.12.3.rel1.win32_1.0.200.202406191623/tools/bin/../lib/gcc/arm-none-eabi/12.3.1/../../../../arm-none-eabi/lib/thumb/v7e-m+fp/hard\libc_nano.a(libc_a-memset.o)
 .ARM.attributes
                0x00000a9b       0x34 C:/ST/STM32CubeIDE_1.16.0/STM32CubeIDE/plugins/com.st.stm32cube.ide.mcu.externaltools.gnu-tools-for-stm32.12.3.rel1.win32_1.0.200.202406191623/tools/bin/../lib/gcc/arm-none-eabi/12.3.1/../../../../arm-none-eabi/lib/thumb/v7e-m+fp/hard\libc_nano.a(libc_a-init.o)
 .ARM.attributes
                0x00000acf       0x34 C:/ST/STM32CubeIDE_1.16.0/STM32CubeIDE/plugins/com.st.stm32cube.ide.mcu.externaltools.gnu-tools-for-stm32.12.3.rel1.win32_1.0.200.202406191623/tools/bin/../lib/gcc/arm-none-eabi/12.3.1/../../../../arm-none-eabi/lib/thumb/v7e-m+fp/hard\libc_nano.a(libc_a-memcpy-stub.o)
 .ARM.attributes
                0x00000b03       0x22 C:/ST/STM32CubeIDE_1.16.0/STM32CubeIDE/plugins/com.st.stm32cube.ide.mcu.externaltools.gnu-tools-for-stm32.12.3.rel1.win32_1.0.200.202406191623/tools/bin/../lib/gcc/arm-none-eabi/12.3.1/thumb/v7e-m+fp/hard\libgcc.a(_aeabi_uldivmod.o)
 .ARM.attributes
                0x00000b25       0x34 C:/ST/STM32CubeIDE_1.16.0/STM32CubeIDE/plugins/com.st.stm32cube.ide.mcu.externaltools.gnu-tools-for-stm32.12.3.rel1.win32_1.0.200.202406191623/tools/bin/../lib/gcc/arm-none-eabi/12.3.1/thumb/v7e-m+fp/hard\libgcc.a(_udivmoddi4.o)
 .ARM.attributes
                0x00000b59       0x22 C:/ST/STM32CubeIDE_1.16.0/STM32CubeIDE/plugins/com.st.stm32cube.ide.mcu.externaltools.gnu-tools-for-stm32.12.3.rel1.win32_1.0.200.202406191623/tools/bin/../lib/gcc/arm-none-eabi/12.3.1/thumb/v7e-m+fp/hard\libgcc.a(_dvmd_tls.o)
 .ARM.attributes
                0x00000b7b       0x22 C:/ST/STM32CubeIDE_1.16.0/STM32CubeIDE/plugins/com.st.stm32cube.ide.mcu.externaltools.gnu-tools-for-stm32.12.3.rel1.win32_1.0.200.202406191623/tools/bin/../lib/gcc/arm-none-eabi/12.3.1/thumb/v7e-m+fp/hard/crtn.o
OUTPUT(My first EC45 Flat.elf elf32-littlearm)
LOAD linker stubs
LOAD C:/ST/STM32CubeIDE_1.16.0/STM32CubeIDE/plugins/com.st.stm32cube.ide.mcu.externaltools.gnu-tools-for-stm32.12.3.rel1.win32_1.0.200.202406191623/tools/bin/../lib/gcc/arm-none-eabi/12.3.1/../../../../arm-none-eabi/lib/thumb/v7e-m+fp/hard\libc.a
LOAD C:/ST/STM32CubeIDE_1.16.0/STM32CubeIDE/plugins/com.st.stm32cube.ide.mcu.externaltools.gnu-tools-for-stm32.12.3.rel1.win32_1.0.200.202406191623/tools/bin/../lib/gcc/arm-none-eabi/12.3.1/../../../../arm-none-eabi/lib/thumb/v7e-m+fp/hard\libm.a
LOAD C:/ST/STM32CubeIDE_1.16.0/STM32CubeIDE/plugins/com.st.stm32cube.ide.mcu.externaltools.gnu-tools-for-stm32.12.3.rel1.win32_1.0.200.202406191623/tools/bin/../lib/gcc/arm-none-eabi/12.3.1/thumb/v7e-m+fp/hard\libgcc.a

.debug_line     0x00000000    0x46bd9
 .debug_line    0x00000000       0x7b ./Application/Startup/startup_stm32g431rbtx.o
 .debug_line    0x0000007b     0x1620 ./Application/User/aspep.o
 .debug_line    0x0000169b     0x156e ./Application/User/main.o
 .debug_line    0x00002c09     0x10d3 ./Application/User/mc_api.o
 .debug_line    0x00003cdc      0x959 ./Application/User/mc_app_hooks.o
 .debug_line    0x00004635      0xc72 ./Application/User/mc_config.o
 .debug_line    0x000052a7      0xc79 ./Application/User/mc_config_common.o
 .debug_line    0x00005f20      0xb2e ./Application/User/mc_configuration_registers.o
 .debug_line    0x00006a4e     0x19b1 ./Application/User/mc_interface.o
 .debug_line    0x000083ff      0xb7e ./Application/User/mc_math.o
 .debug_line    0x00008f7d      0xc63 ./Application/User/mc_parameters.o
 .debug_line    0x00009be0     0x1209 ./Application/User/mc_tasks.o
 .debug_line    0x0000ade9     0x1495 ./Application/User/mc_tasks_foc.o
 .debug_line    0x0000c27e     0x1159 ./Application/User/mcp.o
 .debug_line    0x0000d3d7      0xa3e ./Application/User/mcp_config.o
 .debug_line    0x0000de15      0xcae ./Application/User/motorcontrol.o
 .debug_line    0x0000eac3      0xb7d ./Application/User/pwm_common.o
 .debug_line    0x0000f640     0x125b ./Application/User/pwm_curr_fdbk.o
 .debug_line    0x0001089b     0x240f ./Application/User/register_interface.o
 .debug_line    0x00012caa     0x15d2 ./Application/User/regular_conversion_manager.o
 .debug_line    0x0001427c     0x1160 ./Application/User/stm32_mc_common_it.o
 .debug_line    0x000153dc     0x108d ./Application/User/stm32g4xx_hal_msp.o
 .debug_line    0x00016469      0xd9e ./Application/User/stm32g4xx_mc_it.o
 .debug_line    0x00017207     0x1005 ./Application/User/usart_aspep_driver.o
 .debug_line    0x0001820c      0x8b2 ./Drivers/CMSIS/system_stm32g4xx.o
 .debug_line    0x00018abe      0xd32 ./Drivers/STM32G4xx_HAL_Driver/stm32g4xx_hal.o
 .debug_line    0x000197f0     0x2eb9 ./Drivers/STM32G4xx_HAL_Driver/stm32g4xx_hal_adc.o
 .debug_line    0x0001c6a9     0x287a ./Drivers/STM32G4xx_HAL_Driver/stm32g4xx_hal_adc_ex.o
 .debug_line    0x0001ef23     0x1274 ./Drivers/STM32G4xx_HAL_Driver/stm32g4xx_hal_cordic.o
 .debug_line    0x00020197      0xe5b ./Drivers/STM32G4xx_HAL_Driver/stm32g4xx_hal_cortex.o
 .debug_line    0x00020ff2     0x1431 ./Drivers/STM32G4xx_HAL_Driver/stm32g4xx_hal_dma.o
 .debug_line    0x00022423      0xddb ./Drivers/STM32G4xx_HAL_Driver/stm32g4xx_hal_gpio.o
 .debug_line    0x000231fe      0xf6b ./Drivers/STM32G4xx_HAL_Driver/stm32g4xx_hal_pwr_ex.o
 .debug_line    0x00024169     0x14a3 ./Drivers/STM32G4xx_HAL_Driver/stm32g4xx_hal_rcc.o
 .debug_line    0x0002560c     0x1590 ./Drivers/STM32G4xx_HAL_Driver/stm32g4xx_hal_rcc_ex.o
 .debug_line    0x00026b9c     0x66af ./Drivers/STM32G4xx_HAL_Driver/stm32g4xx_hal_tim.o
 .debug_line    0x0002d24b     0x28c4 ./Drivers/STM32G4xx_HAL_Driver/stm32g4xx_hal_tim_ex.o
 .debug_line    0x0002fb0f     0x6e9a ./Drivers/STM32G4xx_HAL_Driver/stm32g4xx_hal_uart.o
 .debug_line    0x000369a9     0x14df ./Drivers/STM32G4xx_HAL_Driver/stm32g4xx_hal_uart_ex.o
 .debug_line    0x00037e88      0x9f7 ./Middlewares/MotorControl/bus_voltage_sensor.o
 .debug_line    0x0003887f      0xa8d ./Middlewares/MotorControl/circle_limitation.o
 .debug_line    0x0003930c     0x11e4 ./Middlewares/MotorControl/mcpa.o
 .debug_line    0x0003a4f0      0xb8a ./Middlewares/MotorControl/ntc_temperature_sensor.o
 .debug_line    0x0003b07a      0xa7e ./Middlewares/MotorControl/open_loop.o
 .debug_line    0x0003baf8      0xe26 ./Middlewares/MotorControl/pid_regulator.o
 .debug_line    0x0003c91e      0xa84 ./Middlewares/MotorControl/pqd_motor_power_measurement.o
 .debug_line    0x0003d3a2     0x3108 ./Middlewares/MotorControl/r3_1_g4xx_pwm_curr_fdbk.o
 .debug_line    0x000404aa      0xc07 ./Middlewares/MotorControl/r_divider_bus_voltage_sensor.o
 .debug_line    0x000410b1      0xc53 ./Middlewares/MotorControl/ramp_ext_mngr.o
 .debug_line    0x00041d04     0x11ab ./Middlewares/MotorControl/revup_ctrl.o
 .debug_line    0x00042eaf      0xb4d ./Middlewares/MotorControl/speed_pos_fdbk.o
 .debug_line    0x000439fc      0xdf3 ./Middlewares/MotorControl/speed_torq_ctrl.o
 .debug_line    0x000447ef     0x14fc ./Middlewares/MotorControl/sto_pll_speed_pos_fdbk.o
 .debug_line    0x00045ceb      0xeee ./Middlewares/MotorControl/virtual_speed_sensor.o

.debug_line_str
                0x00000000       0x7b
 .debug_line_str
                0x00000000       0x7b ./Application/Startup/startup_stm32g431rbtx.o

.debug_info     0x00000000    0x48fe1
 .debug_info    0x00000000       0x30 ./Application/Startup/startup_stm32g431rbtx.o
 .debug_info    0x00000030     0x10f6 ./Application/User/aspep.o
 .debug_info    0x00001126     0x2b47 ./Application/User/main.o
 .debug_info    0x00003c6d     0x1c2a ./Application/User/mc_api.o
 .debug_info    0x00005897      0x1db ./Application/User/mc_app_hooks.o
 .debug_info    0x00005a72     0x2320 ./Application/User/mc_config.o
 .debug_info    0x00007d92      0xdf2 ./Application/User/mc_config_common.o
 .debug_info    0x00008b84      0x582 ./Application/User/mc_configuration_registers.o
 .debug_info    0x00009106     0x23c4 ./Application/User/mc_interface.o
 .debug_info    0x0000b4ca      0x748 ./Application/User/mc_math.o
 .debug_info    0x0000bc12      0x9e9 ./Application/User/mc_parameters.o
 .debug_info    0x0000c5fb     0x2269 ./Application/User/mc_tasks.o
 .debug_info    0x0000e864     0x3273 ./Application/User/mc_tasks_foc.o
 .debug_info    0x00011ad7     0x1678 ./Application/User/mcp.o
 .debug_info    0x0001314f      0xaf0 ./Application/User/mcp_config.o
 .debug_info    0x00013c3f     0x11e5 ./Application/User/motorcontrol.o
 .debug_info    0x00014e24      0x94f ./Application/User/pwm_common.o
 .debug_info    0x00015773     0x1421 ./Application/User/pwm_curr_fdbk.o
 .debug_info    0x00016b94     0x3431 ./Application/User/register_interface.o
 .debug_info    0x00019fc5     0x1a41 ./Application/User/regular_conversion_manager.o
 .debug_info    0x0001ba06     0x12ad ./Application/User/stm32_mc_common_it.o
 .debug_info    0x0001ccb3     0x1ebd ./Application/User/stm32g4xx_hal_msp.o
 .debug_info    0x0001eb70     0x1231 ./Application/User/stm32g4xx_mc_it.o
 .debug_info    0x0001fda1     0x1234 ./Application/User/usart_aspep_driver.o
 .debug_info    0x00020fd5      0x5a7 ./Drivers/CMSIS/system_stm32g4xx.o
 .debug_info    0x0002157c      0xcd7 ./Drivers/STM32G4xx_HAL_Driver/stm32g4xx_hal.o
 .debug_info    0x00022253     0x34fc ./Drivers/STM32G4xx_HAL_Driver/stm32g4xx_hal_adc.o
 .debug_info    0x0002574f     0x2d24 ./Drivers/STM32G4xx_HAL_Driver/stm32g4xx_hal_adc_ex.o
 .debug_info    0x00028473      0xdc4 ./Drivers/STM32G4xx_HAL_Driver/stm32g4xx_hal_cordic.o
 .debug_info    0x00029237      0xfd6 ./Drivers/STM32G4xx_HAL_Driver/stm32g4xx_hal_cortex.o
 .debug_info    0x0002a20d      0xa4e ./Drivers/STM32G4xx_HAL_Driver/stm32g4xx_hal_dma.o
 .debug_info    0x0002ac5b      0x799 ./Drivers/STM32G4xx_HAL_Driver/stm32g4xx_hal_gpio.o
 .debug_info    0x0002b3f4      0x993 ./Drivers/STM32G4xx_HAL_Driver/stm32g4xx_hal_pwr_ex.o
 .debug_info    0x0002bd87      0xe7b ./Drivers/STM32G4xx_HAL_Driver/stm32g4xx_hal_rcc.o
 .debug_info    0x0002cc02      0xd46 ./Drivers/STM32G4xx_HAL_Driver/stm32g4xx_hal_rcc_ex.o
 .debug_info    0x0002d948     0x4fd2 ./Drivers/STM32G4xx_HAL_Driver/stm32g4xx_hal_tim.o
 .debug_info    0x0003291a     0x2593 ./Drivers/STM32G4xx_HAL_Driver/stm32g4xx_hal_tim_ex.o
 .debug_info    0x00034ead     0x784f ./Drivers/STM32G4xx_HAL_Driver/stm32g4xx_hal_uart.o
 .debug_info    0x0003c6fc     0x13d2 ./Drivers/STM32G4xx_HAL_Driver/stm32g4xx_hal_uart_ex.o
 .debug_info    0x0003dace      0x2c3 ./Middlewares/MotorControl/bus_voltage_sensor.o
 .debug_info    0x0003dd91      0x387 ./Middlewares/MotorControl/circle_limitation.o
 .debug_info    0x0003e118      0x715 ./Middlewares/MotorControl/mcpa.o
 .debug_info    0x0003e82d      0x505 ./Middlewares/MotorControl/ntc_temperature_sensor.o
 .debug_info    0x0003ed32      0x50c ./Middlewares/MotorControl/open_loop.o
 .debug_info    0x0003f23e      0x8d8 ./Middlewares/MotorControl/pid_regulator.o
 .debug_info    0x0003fb16      0x529 ./Middlewares/MotorControl/pqd_motor_power_measurement.o