C:/Users/nagah/.st_workbench/projects/3Ph BLDC FOC Quadrature Encoder/MCSDK_v6.3.0-Full/MotorControl/MCSDK/MCLib/Any/Src/enc_align_ctrl.c:45:13:EAC_Init	0	static
C:/Users/nagah/.st_workbench/projects/3Ph BLDC FOC Quadrature Encoder/MCSDK_v6.3.0-Full/MotorControl/MCSDK/MCLib/Any/Src/enc_align_ctrl.c:72:13:EAC_StartAlignment	8	static
C:/Users/nagah/.st_workbench/projects/3Ph BLDC FOC Quadrature Encoder/MCSDK_v6.3.0-Full/MotorControl/MCSDK/MCLib/Any/Src/enc_align_ctrl.c:119:13:EAC_Exec	8	static
C:/Users/nagah/.st_workbench/projects/3Ph BLDC FOC Quadrature Encoder/MCSDK_v6.3.0-Full/MotorControl/MCSDK/MCLib/Any/Src/enc_align_ctrl.c:162:13:EAC_GetRestartState	0	static
