C:/Users/nagah/.st_workbench/projects/3Ph BLDC FOC Quadrature Encoder/MCSDK_v6.3.0-Full/MotorControl/MCSDK/MCLib/Any/Src/encoder_speed_pos_fdbk.c:61:13:ENC_Init	4	static
C:/Users/nagah/.st_workbench/projects/3Ph BLDC FOC Quadrature Encoder/MCSDK_v6.3.0-Full/MotorControl/MCSDK/MCLib/Any/Src/encoder_speed_pos_fdbk.c:116:13:ENC_Clear	8	static
C:/Users/nagah/.st_workbench/projects/3Ph BLDC FOC Quadrature Encoder/MCSDK_v6.3.0-Full/MotorControl/MCSDK/MCLib/Any/Src/encoder_speed_pos_fdbk.c:144:16:ENC_CalcAngle	4	static
C:/Users/nagah/.st_workbench/projects/3Ph BLDC FOC Quadrature Encoder/MCSDK_v6.3.0-Full/MotorControl/MCSDK/MCLib/Any/Src/encoder_speed_pos_fdbk.c:202:13:ENC_CalcAvrgMecSpeedUnit	20	static
C:/Users/nagah/.st_workbench/projects/3Ph BLDC FOC Quadrature Encoder/MCSDK_v6.3.0-Full/MotorControl/MCSDK/MCLib/Any/Src/encoder_speed_pos_fdbk.c:358:13:ENC_SetMecAngle	4	static
C:/Users/nagah/.st_workbench/projects/3Ph BLDC FOC Quadrature Encoder/MCSDK_v6.3.0-Full/MotorControl/MCSDK/MCLib/Any/Src/encoder_speed_pos_fdbk.c:398:14:ENC_IRQHandler	0	static
