C:/Users/nagah/.st_workbench/projects/3Ph BLDC FOC Quadrature Encoder/Src/mc_tasks_foc.c:442:13:FOC_Clear	16	static
C:/Users/nagah/.st_workbench/projects/3Ph BLDC FOC Quadrature Encoder/Src/mc_tasks_foc.c:82:13:FOC_Init	32	static
C:/Users/nagah/.st_workbench/projects/3Ph BLDC FOC Quadrature Encoder/Src/mc_tasks_foc.c:163:6:TSK_MF_StopProcessing	8	static
C:/Users/nagah/.st_workbench/projects/3Ph BLDC FOC Quadrature Encoder/Src/mc_tasks_foc.c:478:13:FOC_InitAdditionalMethods	0	static
C:/Users/nagah/.st_workbench/projects/3Ph BLDC FOC Quadrature Encoder/Src/mc_tasks_foc.c:501:13:FOC_CalcCurrRef	24	static,ignoring_inline_asm
C:/Users/nagah/.st_workbench/projects/3Ph BLDC FOC Quadrature Encoder/Src/mc_tasks_foc.c:181:13:TSK_MediumFrequencyTaskM1	24	static
C:/Users/nagah/.st_workbench/projects/3Ph BLDC FOC Quadrature Encoder/Src/mc_tasks_foc.c:556:16:FOC_HighFrequencyTask	48	static
