C:/Users/nagah/.st_workbench/projects/3Ph BLDC FOC Quadrature Encoder/Src/stm32_mc_common_it.c:69:6:TIM2_IRQHandler	0	static
C:/Users/nagah/.st_workbench/projects/3Ph BLDC FOC Quadrature Encoder/Src/stm32_mc_common_it.c:108:6:USART2_IRQHandler	8	static,ignoring_inline_asm
C:/Users/nagah/.st_workbench/projects/3Ph BLDC FOC Quadrature Encoder/Src/stm32_mc_common_it.c:186:6:HardFault_Handler	8	static
C:/Users/nagah/.st_workbench/projects/3Ph BLDC FOC Quadrature Encoder/Src/stm32_mc_common_it.c:209:6:EXTI15_10_IRQHandler	0	static
